31.184.238.202 - - [19/Jun/2016:17:01:34 -0700] "GET /logs/access.log HTTP/1.1" 200 1757897 "http://www.theknot.com/wedding/prices-and-irbesartan" "Mozilla/5.0 (Windows NT 6.2; WOW64) AppleWebKit/537.36 (KHTML, like Gecko) Chrome/32.0.1700.107 Safari/537.36" "redlug.com"
31.184.238.202 - - [19/Jun/2016:17:03:50 -0700] "GET /logs/access.log HTTP/1.1" 200 272 "http://buy-latanoprost-discount.over-blog.com/2014/04/buy-latanoprost-without-prescription.html" "Mozilla/5.0 (Windows NT 6.2; WOW64; rv:27.0) Gecko/20100101 Firefox/27.0" "redlug.com"
180.76.15.136 - - [19/Jun/2016:17:06:04 -0700] "GET /logs/access_160128.log HTTP/1.1" 200 805229 "-" "Mozilla/5.0 (compatible; Baiduspider/2.0; +http://www.baidu.com/search/spider.html)" "www.redlug.com"
180.76.15.145 - - [19/Jun/2016:17:06:13 -0700] "GET /logs/access_160128.log HTTP/1.1" 200 1535666 "-" "Mozilla/5.0 (compatible; Baiduspider/2.0; +http://www.baidu.com/search/spider.html)" "www.redlug.com"
198.52.222.254 - - [19/Jun/2016:17:08:53 -0700] "GET /logs/access.log HTTP/1.1" 200 443 "http://redlug.com/" "Mozilla/5.0 (Macintosh; Intel Mac OS X 10_10_1) AppleWebKit/537.36 (KHTML, like Gecko) Chrome/39.0.2171.99 Safari/537.36" "redlug.com"
5.63.6.169 - - [19/Jun/2016:17:09:49 -0700] "GET /logs/access.log HTTP/1.1" 200 508 "http://redlug.com/" "Mozilla/5.0 (Windows NT 5.1) AppleWebKit/537.36 (KHTML, like Gecko) Chrome/28.0.1500.72 Safari/537.36" "redlug.com"
50.109.64.255 - - [19/Jun/2016:17:11:49 -0700] "GET /Documents/Ali.htm HTTP/1.1" 200 8450 "https://www.google.com/" "Mozilla/5.0 (Windows NT 6.1; WOW64) AppleWebKit/537.36 (KHTML, like Gecko) Chrome/51.0.2704.103 Safari/537.36" "redlug.com"
50.109.64.255 - - [19/Jun/2016:17:11:51 -0700] "GET /cwi.css HTTP/1.1" 404 88 "http://redlug.com/Documents/Ali.htm" "Mozilla/5.0 (Windows NT 6.1; WOW64) AppleWebKit/537.36 (KHTML, like Gecko) Chrome/51.0.2704.103 Safari/537.36" "redlug.com"
176.100.105.109 - - [19/Jun/2016:17:13:06 -0700] "GET /logs/access.log HTTP/1.1" 200 1904 "http://forum.bar-city.com.ua/viewtopic.php?f=57&t=393583" "Mozilla/5.0 (Windows NT 6.1; WOW64) AppleWebKit/537.36 (KHTML, like Gecko) Chrome/47.0.2526.111 Safari/537.36" "redlug.com"
176.100.105.109 - - [19/Jun/2016:17:13:07 -0700] "GET /logs/access.log HTTP/1.1" 200 2178 "http://forum.bar-city.com.ua/viewtopic.php?f=57&t=393583" "Mozilla/5.0 (Windows NT 6.1; WOW64) AppleWebKit/537.36 (KHTML, like Gecko) Chrome/46.0.2490.86 YaBrowser/15.12.1.6475 Safari/537.36" "redlug.com"
176.100.105.109 - - [19/Jun/2016:17:13:08 -0700] "GET /logs/access.log HTTP/1.1" 200 2178 "http://forum.bar-city.com.ua/viewtopic.php?f=57&t=393583" "Mozilla/5.0 (Windows NT 10.0; WOW64) AppleWebKit/537.36 (KHTML, like Gecko) Chrome/48.0.2564.97 Safari/537.36" "redlug.com"
31.184.238.202 - - [19/Jun/2016:17:13:10 -0700] "GET /logs/access.log HTTP/1.1" 200 2748 "http://tamoxifen20mgln.over-blog.com/2014/04/tamoxifen-10mg-order-without-prescription-mail-order-tamoxifen-from-canada.html" "Mozilla/5.0 (Windows NT 6.3; WOW64) AppleWebKit/537.36 (KHTML, like Gecko) Chrome/32.0.1700.102 Safari/537.36" "redlug.com"
172.56.31.190 - - [19/Jun/2016:17:13:17 -0700] "GET / HTTP/1.1" 200 1272 "-" "Mozilla/5.0 (iPhone; CPU iPhone OS 9_2_1 like Mac OS X) AppleWebKit/601.1.46 (KHTML, like Gecko) Version/9.0 Mobile/13D15 Safari/601.1" "redlug.com"
172.56.31.190 - - [19/Jun/2016:17:13:19 -0700] "GET / HTTP/1.1" 200 1272 "-" "Mozilla/5.0 (iPhone; CPU iPhone OS 9_2_1 like Mac OS X) AppleWebKit/601.1.46 (KHTML, like Gecko) Version/9.0 Mobile/13D15 Safari/601.1" "redlug.com"
31.184.238.202 - - [19/Jun/2016:17:15:26 -0700] "GET /logs/access.log HTTP/1.1" 200 3543 "http://topamax7n2.forumcircle.com" "Mozilla/5.0 (Windows NT 6.3; WOW64; rv:26.0) Gecko/20100101 Firefox/26.0" "redlug.com"
223.30.131.86 - - [19/Jun/2016:17:22:49 -0700] "GET /logs/access.log HTTP/1.1" 200 943 "http://redlug.com/" "Mozilla/5.0 (Macintosh; Intel Mac OS X 10_10_1) AppleWebKit/537.36 (KHTML, like Gecko) Chrome/39.0.2171.99 Safari/537.36" "redlug.com"
31.184.238.202 - - [19/Jun/2016:17:24:45 -0700] "GET /logs/access.log HTTP/1.1" 200 4000 "http://gravatar.com/inzberonspidversu" "Mozilla/5.0 (Windows NT 6.1; WOW64) AppleWebKit/537.36 (KHTML, like Gecko) Chrome/31.0.1650.63 Safari/537.36 OPR/18.0.1284.68" "redlug.com"
51.255.65.84 - - [19/Jun/2016:17:26:38 -0700] "GET /images/DayXBCH03.jpg HTTP/1.1" 200 34875 "-" "Mozilla/5.0 (compatible; AhrefsBot/5.1; +http://ahrefs.com/robot/)" "redlug.com"
31.184.238.202 - - [19/Jun/2016:17:27:04 -0700] "GET /logs/access.log HTTP/1.1" 200 4449 "http://buychlorambucil2mgonlinediscount.over-blog.com/2014/04/discount-chlorambucil-order-online.html" "Mozilla/5.0 (Windows NT 6.1) AppleWebKit/537.36 (KHTML, like Gecko) Chrome/32.0.1700.76 Safari/537.36" "redlug.com"
51.255.65.83 - - [19/Jun/2016:17:28:54 -0700] "GET /logs/access_160203.log HTTP/1.1" 200 528989 "-" "Mozilla/5.0 (compatible; AhrefsBot/5.1; +http://ahrefs.com/robot/)" "redlug.com"
5.189.162.27 - - [19/Jun/2016:17:34:21 -0700] "GET /logs/access.log HTTP/1.1" 200 1168 "http://redlug.com/" "Mozilla/5.0 (Macintosh; Intel Mac OS X 10_10_1) AppleWebKit/537.36 (KHTML, like Gecko) Chrome/39.0.2171.99 Safari/537.36" "redlug.com"
5.189.162.27 - - [19/Jun/2016:17:34:21 -0700] "GET /Documents/Ali.htm HTTP/1.1" 200 8451 "http://redlug.com/logs/access.log" "Mozilla/5.0 (Macintosh; Intel Mac OS X 10_10_1) AppleWebKit/537.36 (KHTML, like Gecko) Chrome/39.0.2171.99 Safari/537.36" "redlug.com"
31.184.238.202 - - [19/Jun/2016:17:36:19 -0700] "GET /logs/access.log HTTP/1.1" 200 5446 "http://www.theknot.com/wedding/zestril-and-prescription" "Mozilla/5.0 (Windows NT 5.1) AppleWebKit/537.36 (KHTML, like Gecko) Chrome/32.0.1700.107 Safari/537.36" "redlug.com"
60.191.164.22 - - [19/Jun/2016:17:37:55 -0700] "GET /logs/access.log HTTP/1.1" 200 1238 "http://redlug.com/" "Mozilla/5.0 (Macintosh; Intel Mac OS X 10_10_1) AppleWebKit/537.36 (KHTML, like Gecko) Chrome/39.0.2171.99 Safari/537.36" "redlug.com"
31.184.238.202 - - [19/Jun/2016:17:38:31 -0700] "GET /logs/access.log HTTP/1.1" 200 5956 "http://i3umestinon60mg.forumcircle.com" "Mozilla/5.0 (Windows NT 6.3; WOW64) AppleWebKit/537.36 (KHTML, like Gecko) Chrome/33.0.1750.117 Safari/537.36" "redlug.com"
180.76.15.157 - - [19/Jun/2016:17:39:33 -0700] "GET /logs/access_150504.log HTTP/1.1" 200 32734 "-" "Mozilla/5.0 (compatible; Baiduspider/2.0; +http://www.baidu.com/search/spider.html)" "www.redlug.com"
157.55.39.58 - - [19/Jun/2016:17:42:07 -0700] "GET /Archive/1993fascists.htm HTTP/1.1" 200 2361 "-" "Mozilla/5.0 (compatible; bingbot/2.0; +http://www.bing.com/bingbot.htm)" "redlug.com"
157.55.39.58 - - [19/Jun/2016:17:42:07 -0700] "GET /Scandals.htm HTTP/1.1" 200 12812 "-" "Mozilla/5.0 (compatible; bingbot/2.0; +http://www.bing.com/bingbot.htm)" "redlug.com"
220.181.108.151 - - [19/Jun/2016:17:43:20 -0700] "GET /Wardoc/ HTTP/1.1" 200 678 "-" "Mozilla/5.0 (compatible; Baiduspider/2.0; +http://www.baidu.com/search/spider.html)" "redlug.com"
66.87.133.77 - - [19/Jun/2016:17:47:19 -0700] "GET /Documents/Ali.htm HTTP/1.1" 200 8452 "https://www.google.com/" "Mozilla/5.0 (iPhone; CPU iPhone OS 9_3_2 like Mac OS X) AppleWebKit/600.1.4 (KHTML, like Gecko) GSA/15.1.122860578 Mobile/13F69 Safari/600.1.4" "redlug.com"
66.87.133.77 - - [19/Jun/2016:17:47:19 -0700] "GET /cwi.css HTTP/1.1" 404 88 "http://redlug.com/Documents/Ali.htm" "Mozilla/5.0 (iPhone; CPU iPhone OS 9_3_2 like Mac OS X) AppleWebKit/600.1.4 (KHTML, like Gecko) GSA/15.1.122860578 Mobile/13F69 Safari/600.1.4" "redlug.com"
31.184.238.202 - - [19/Jun/2016:17:47:41 -0700] "GET /logs/access.log HTTP/1.1" 200 7507 "http://buyranitidinecheap.forumcircle.com" "Mozilla/5.0 (Windows NT 5.1) AppleWebKit/537.36 (KHTML, like Gecko) Chrome/32.0.1700.107 Safari/537.36" "redlug.com"
31.184.238.202 - - [19/Jun/2016:17:49:52 -0700] "GET /logs/access.log HTTP/1.1" 200 7758 "http://gravatar.com/neypergefantwicsa" "Mozilla/5.0 (Windows NT 6.2; WOW64) AppleWebKit/537.36 (KHTML, like Gecko) Chrome/32.0.1700.76 Safari/537.36" "redlug.com"
77.27.21.64 - - [19/Jun/2016:17:50:05 -0700] "GET /logs/access.log HTTP/1.1" 200 8011 "-" "Mozilla/5.0 (X11; Linux x86_64; rv:2.0b8pre) Gecko/20101011 Firefox/4.0b8pre" "redlug.com"
157.55.39.58 - - [19/Jun/2016:17:55:18 -0700] "GET /IntLeftNews/ HTTP/1.1" 200 453 "-" "Mozilla/5.0 (compatible; bingbot/2.0; +http://www.bing.com/bingbot.htm)" "www.redlug.com"
157.55.39.58 - - [19/Jun/2016:17:55:18 -0700] "GET / HTTP/1.1" 200 1272 "-" "Mozilla/5.0 (compatible; bingbot/2.0; +http://www.bing.com/bingbot.htm)" "www.redlug.com"
157.55.39.58 - - [19/Jun/2016:17:55:18 -0700] "GET /socview/0306SCW.htm HTTP/1.1" 200 12079 "-" "Mozilla/5.0 (compatible; bingbot/2.0; +http://www.bing.com/bingbot.htm)" "www.redlug.com"
31.184.238.202 - - [19/Jun/2016:17:59:08 -0700] "GET /logs/access.log HTTP/1.1" 200 8725 "http://www.theknot.com/wedding/aralen-and-guaranteed" "Mozilla/5.0 (Windows NT 6.1; WOW64) AppleWebKit/537.36 (KHTML, like Gecko) Chrome/32.0.1700.107 Safari/537.36" "redlug.com"
149.202.74.134 - - [19/Jun/2016:17:59:58 -0700] "GET /robots.txt HTTP/1.1" 200 37 "-" "Mozilla/5.0 (Windows NT 10.0; WOW64) AppleWebKit/537.36 (KHTML, like Gecko) Chrome/40.0.2214.91 Safari/537.36" "redlug.com"
31.184.238.202 - - [19/Jun/2016:18:01:24 -0700] "GET /logs/access.log HTTP/1.1" 200 9205 "http://gravatar.com/tinidazoleb8" "Mozilla/5.0 (Windows NT 6.1; WOW64) AppleWebKit/537.36 (KHTML, like Gecko) Chrome/32.0.1700.102 Safari/537.36 OPR/19.0.1326.59" "redlug.com"
54.209.69.251 - - [19/Jun/2016:18:07:07 -0700] "GET /logs/access_130930.log HTTP/1.1" 404 73 "http://cephalexin.forumcircle.com/portal.php" "Mozilla/5.0 (Windows NT 6.1; WOW64) AppleWebKit/537.4 (KHTML, like Gecko) Chrome/22.0.1229.94 Safari/537.4" "redlug.com"
209.41.67.169 - - [19/Jun/2016:18:07:31 -0700] "GET /logs/access_130930.log HTTP/1.1" 404 73 "http://cephalexin.forumcircle.com/portal.php" "Mozilla/5.0 (Windows NT 6.1; WOW64) AppleWebKit/535.19 (KHTML, like Gecko) Chrome/18.0.1025.152 Safari/535.19 CoolNovo/2.0.3.55" "redlug.com"
209.41.67.169 - - [19/Jun/2016:18:07:34 -0700] "GET /redlug.com/logs/access_130930.log HTTP/1.1" 404 73 "http://cephalexin.forumcircle.com/portal.php" "Mozilla/5.0 (Windows NT 6.1; WOW64) AppleWebKit/535.19 (KHTML, like Gecko) Chrome/18.0.1025.152 Safari/535.19 CoolNovo/2.0.3.55" "redlug.com"
186.5.117.77 - - [19/Jun/2016:18:07:35 -0700] "GET /logs/access_130930.log HTTP/1.1" 404 73 "http://cephalexin.forumcircle.com/portal.php" "Mozilla/5.0 (Windows NT 6.1; rv:17.0) Gecko/17.0 Firefox/17.0" "redlug.com"
186.5.117.77 - - [19/Jun/2016:18:07:36 -0700] "GET /redlug.com/logs/access_130930.log HTTP/1.1" 404 73 "http://cephalexin.forumcircle.com/portal.php" "Mozilla/5.0 (Windows NT 6.1; rv:17.0) Gecko/17.0 Firefox/17.0" "redlug.com"
54.86.136.205 - - [19/Jun/2016:18:07:37 -0700] "GET /logs/access_130930.log HTTP/1.1" 404 73 "http://cephalexin.forumcircle.com/portal.php" "Opera/9.80 (Windows NT 6.1; U; ru) Presto/2.10.229 Version/11.61" "redlug.com"
54.86.136.205 - - [19/Jun/2016:18:07:38 -0700] "GET /redlug.com/logs/access_130930.log HTTP/1.1" 404 73 "http://cephalexin.forumcircle.com/portal.php" "Opera/9.80 (Windows NT 6.1; U; ru) Presto/2.10.229 Version/11.61" "redlug.com"
31.184.238.202 - - [19/Jun/2016:18:10:35 -0700] "GET /logs/access.log HTTP/1.1" 200 11204 "http://lamotrigine-buy-online.tumblr.com" "Mozilla/5.0 (Windows NT 6.0) AppleWebKit/537.36 (KHTML, like Gecko) Chrome/33.0.1750.146 Safari/537.36" "redlug.com"
176.100.105.109 - - [19/Jun/2016:18:11:40 -0700] "GET /logs/access.log HTTP/1.1" 200 11455 "http://www.glaz.ru/frm/showthread.php?p=206389#post206389" "Mozilla/5.0 (Windows NT 10.0; WOW64) AppleWebKit/537.36 (KHTML, like Gecko) Chrome/47.0.2526.111 Safari/537.36" "redlug.com"
176.100.105.109 - - [19/Jun/2016:18:11:44 -0700] "GET /logs/access.log HTTP/1.1" 200 11732 "http://www.glaz.ru/frm/showthread.php?p=206389#post206389" "Mozilla/5.0 (Windows NT 6.1) AppleWebKit/537.36 (KHTML, like Gecko) Chrome/47.0.2526.111 Safari/537.36" "redlug.com"
176.100.105.109 - - [19/Jun/2016:18:11:44 -0700] "GET /logs/access.log HTTP/1.1" 200 11732 "http://www.glaz.ru/frm/showthread.php?p=206389#post206389" "Mozilla/5.0 (Windows NT 10.0; WOW64; rv:43.0) Gecko/20100101 Firefox/43.0" "redlug.com"
31.184.238.202 - - [19/Jun/2016:18:12:49 -0700] "GET /logs/access.log HTTP/1.1" 200 12241 "http://gravatar.com/ddaripiprazole20mg" "Mozilla/5.0 (Windows NT 6.1) AppleWebKit/537.36 (KHTML, like Gecko) Chrome/32.0.1700.76 Safari/537.36" "redlug.com"
180.76.15.30 - - [19/Jun/2016:18:13:03 -0700] "GET /paper2003/0307Clon.htm HTTP/1.1" 200 1493 "-" "Mozilla/5.0 (compatible; Baiduspider/2.0; +http://www.baidu.com/search/spider.html)" "www.redlug.com"
141.8.143.147 - - [19/Jun/2016:18:16:45 -0700] "GET /logs/access_141111.log HTTP/1.1" 200 850090 "-" "Mozilla/5.0 (compatible; YandexBot/3.0; +http://yandex.com/bots)" "redlug.com"
141.8.143.219 - - [19/Jun/2016:18:18:01 -0700] "GET /logs/access_141111.log HTTP/1.1" 200 1014923 "-" "Mozilla/5.0 (compatible; YandexBot/3.0; +http://yandex.com/bots)" "redlug.com"
31.184.238.202 - - [19/Jun/2016:18:22:06 -0700] "GET /logs/access.log HTTP/1.1" 200 13053 "http://order-tamoxifen-10mg-safely.over-blog.com/2014/04/order-tamoxifen-20mg-where-can-i-buy-tamoxifen-online-real.html" "Mozilla/5.0 (Windows NT 6.1; WOW64) AppleWebKit/537.36 (KHTML, like Gecko) Chrome/30.0.1599.13014 YaBrowser/13.12.1599.13014 Safari/537.36" "redlug.com"
103.208.24.37 - - [19/Jun/2016:18:23:24 -0700] "GET /logs/access.log HTTP/1.1" 200 2331 "http://redlug.com/" "Mozilla/5.0 (Macintosh; Intel Mac OS X 10_10_1) AppleWebKit/537.36 (KHTML, like Gecko) Chrome/39.0.2171.99 Safari/537.36" "redlug.com"
103.208.24.37 - - [19/Jun/2016:18:23:25 -0700] "GET /Documents/Ali.htm HTTP/1.1" 200 8452 "http://redlug.com/logs/access.log" "Mozilla/5.0 (Macintosh; Intel Mac OS X 10_10_1) AppleWebKit/537.36 (KHTML, like Gecko) Chrome/39.0.2171.99 Safari/537.36" "redlug.com"
31.184.238.202 - - [19/Jun/2016:18:24:15 -0700] "GET /logs/access.log HTTP/1.1" 200 13927 "http://www.theknot.com/wedding/delivery-and-trihexyphenidyl" "Mozilla/5.0 (Windows NT 6.1) AppleWebKit/537.36 (KHTML, like Gecko) Chrome/32.0.1700.107 Safari/537.36" "redlug.com"
73.170.240.153 - - [19/Jun/2016:18:27:33 -0700] "GET /pdf/che_sos.pdf HTTP/1.1" 200 207560 "https://www.google.com/" "Mozilla/5.0 (Macintosh; Intel Mac OS X 10_10_5) AppleWebKit/537.36 (KHTML, like Gecko) Chrome/51.0.2704.84 Safari/537.36" "redlug.com"
141.8.143.147 - - [19/Jun/2016:18:26:27 -0700] "GET /logs/access_140827.log HTTP/1.1" 200 777226 "-" "Mozilla/5.0 (compatible; YandexBot/3.0; +http://yandex.com/bots)" "redlug.com"
23.92.116.205 - - [19/Jun/2016:18:31:20 -0700] "GET /logs/access.log HTTP/1.1" 200 14631 "http://redlug.com/" "Mozilla/5.0 (Macintosh; Intel Mac OS X 10_10_1) AppleWebKit/537.36 (KHTML, like Gecko) Chrome/39.0.2171.95 Safari/537.36" "redlug.com"
31.184.238.202 - - [19/Jun/2016:18:33:34 -0700] "GET /logs/access.log HTTP/1.1" 200 14877 "http://cromotilium.forumcircle.com" "Mozilla/5.0 (Windows NT 6.2; WOW64) AppleWebKit/537.36 (KHTML, like Gecko) Chrome/32.0.1700.76 Safari/537.36" "redlug.com"
31.184.238.202 - - [19/Jun/2016:18:35:43 -0700] "GET /logs/access.log HTTP/1.1" 200 15128 "http://gravatar.com/laytreadexanitow" "Opera/9.80 (Windows NT 5.1) Presto/2.12.388 Version/12.16" "redlug.com"
5.255.250.94 - - [19/Jun/2016:18:37:08 -0700] "GET /logs/access_150613.log HTTP/1.1" 200 233892 "-" "Mozilla/5.0 (compatible; YandexBot/3.0; +http://yandex.com/bots)" "redlug.com"
5.255.250.90 - - [19/Jun/2016:18:41:48 -0700] "GET /logs/access_150426.log HTTP/1.1" 200 51096 "-" "Mozilla/5.0 (compatible; YandexBot/3.0; +http://yandex.com/bots)" "redlug.com"
107.150.74.252 - - [19/Jun/2016:18:45:51 -0700] "GET /logs/access.log HTTP/1.1" 200 2615 "http://redlug.com/" "Mozilla/5.0 (Macintosh; Intel Mac OS X 10_10_1) AppleWebKit/537.36 (KHTML, like Gecko) Chrome/39.0.2171.95 Safari/537.36" "redlug.com"
5.255.250.94 - - [19/Jun/2016:18:46:13 -0700] "GET /logs/access_140803.log HTTP/1.1" 200 33351 "-" "Mozilla/5.0 (compatible; YandexBot/3.0; +http://yandex.com/bots)" "redlug.com"
180.76.15.147 - - [19/Jun/2016:18:46:32 -0700] "GET /logs/access_150116.log HTTP/1.1" 200 1044394 "-" "Mozilla/5.0 (compatible; Baiduspider/2.0; +http://www.baidu.com/search/spider.html)" "www.redlug.com"
180.76.15.30 - - [19/Jun/2016:18:46:38 -0700] "GET /logs/access_150116.log HTTP/1.1" 200 9302801 "-" "Mozilla/5.0 (compatible; Baiduspider/2.0; +http://www.baidu.com/search/spider.html)" "www.redlug.com"
31.184.238.202 - - [19/Jun/2016:18:47:15 -0700] "GET /logs/access.log HTTP/1.1" 200 16523 "http://lanyrd.com/profile/orderlosartannoprescription/bio/" "Mozilla/5.0 (Windows NT 6.1; WOW64; rv:26.0) Gecko/20100101 Firefox/26.0" "redlug.com"
5.255.250.90 - - [19/Jun/2016:18:49:24 -0700] "GET /logs/access_150927.log HTTP/1.1" 200 121914 "-" "Mozilla/5.0 (compatible; YandexBot/3.0; +http://yandex.com/bots)" "redlug.com"
77.27.21.64 - - [19/Jun/2016:18:51:38 -0700] "GET /logs/access.log HTTP/1.1" 200 16942 "-" "Mozilla/5.0 (X11; Linux x86_64; rv:2.0b8pre) Gecko/20101011 Firefox/4.0b8pre" "redlug.com"
141.8.143.147 - - [19/Jun/2016:18:53:46 -0700] "GET /logs/access_140818.log HTTP/1.1" 200 40274 "-" "Mozilla/5.0 (compatible; YandexBot/3.0; +http://yandex.com/bots)" "redlug.com"
172.102.203.213 - - [19/Jun/2016:18:54:13 -0700] "GET /logs/access.log HTTP/1.1" 200 2804 "http://redlug.com/" "Mozilla/5.0 (Macintosh; Intel Mac OS X 10_10_1) AppleWebKit/537.36 (KHTML, like Gecko) Chrome/39.0.2171.95 Safari/537.36" "redlug.com"
31.184.238.202 - - [19/Jun/2016:18:56:31 -0700] "GET /logs/access.log HTTP/1.1" 200 17552 "http://www.purevolume.com/orderalfuzosinatdiscounts" "Mozilla/5.0 (Windows NT 6.0) AppleWebKit/537.36 (KHTML, like Gecko) Chrome/33.0.1750.146 Safari/537.36" "redlug.com"
31.184.238.202 - - [19/Jun/2016:18:58:44 -0700] "GET /logs/access.log HTTP/1.1" 200 17814 "http://atarax10mghfh.forumcircle.com" "Mozilla/5.0 (Windows NT 6.1) AppleWebKit/537.36 (KHTML, like Gecko) Chrome/32.0.1700.107 Safari/537.36" "redlug.com"
157.55.39.161 - - [19/Jun/2016:18:58:50 -0700] "GET /PaperArchive.htm HTTP/1.1" 200 3350 "-" "Mozilla/5.0 (compatible; bingbot/2.0; +http://www.bing.com/bingbot.htm)" "redlug.com"
31.184.238.202 - - [19/Jun/2016:19:08:03 -0700] "GET /logs/access.log HTTP/1.1" 200 18241 "http://jlzithromax.forumcircle.com" "Mozilla/5.0 (Windows NT 6.1; WOW64) AppleWebKit/537.36 (KHTML, like Gecko) Chrome/30.0.1599.12785 YaBrowser/13.12.1599.12785 Safari/537.36" "redlug.com"
176.100.105.109 - - [19/Jun/2016:19:09:18 -0700] "GET /logs/access.log HTTP/1.1" 200 18522 "http://www.quass24.de/showthread.php?tid=434424" "Mozilla/5.0 (Windows NT 6.1; WOW64; rv:43.0) Gecko/20100101 Firefox/43.0" "redlug.com"
176.100.105.109 - - [19/Jun/2016:19:09:21 -0700] "GET /logs/access.log HTTP/1.1" 200 18751 "http://www.quass24.de/showthread.php?tid=434424" "Mozilla/5.0 (Windows NT 5.1; rv:43.0) Gecko/20100101 Firefox/43.0" "redlug.com"
176.100.105.109 - - [19/Jun/2016:19:09:22 -0700] "GET /logs/access.log HTTP/1.1" 200 18751 "http://www.quass24.de/showthread.php?tid=434424" "Mozilla/5.0 (Windows NT 6.1; WOW64) AppleWebKit/537.36 (KHTML, like Gecko) Chrome/48.0.2564.103 Safari/537.36" "redlug.com"
66.34.88.57 - - [19/Jun/2016:19:09:22 -0700] "GET /logs/access.log HTTP/1.1" 200 3037 "http://redlug.com/" "Mozilla/5.0 (Macintosh; Intel Mac OS X 10_10_1) AppleWebKit/537.36 (KHTML, like Gecko) Chrome/39.0.2171.99 Safari/537.36" "redlug.com"
31.184.238.202 - - [19/Jun/2016:19:10:12 -0700] "GET /logs/access.log HTTP/1.1" 200 19482 "http://9amlevonorgestrel.over-blog.com/2014/04/levonorgestrel-0-75mg-order-cheap.html" "Mozilla/5.0 (Windows NT 6.3; WOW64) AppleWebKit/537.36 (KHTML, like Gecko) Chrome/32.0.1700.102 Safari/537.36" "redlug.com"
141.8.143.219 - - [19/Jun/2016:19:13:05 -0700] "GET /Documents/NinaSimone.htm HTTP/1.1" 200 3333 "-" "Mozilla/5.0 (compatible; YandexBot/3.0; +http://yandex.com/bots)" "redlug.com"
122.26.236.98 - - [19/Jun/2016:19:14:09 -0700] "GET /pdf/IWD1990.docx HTTP/1.1" 404 73 "-" "Mozilla" "redlug.com"
82.200.78.14 - - [19/Jun/2016:19:14:14 -0700] "GET /E?l=HGDs/6tXaU62Nkelgq0Rv6WykDrLy0RUrUa0HGi+bH9/IYNT9B/pMNb886Ai7UwXLWcr1bRnCn27TpZIjGw60eUJg0hvvtSS8rS0110ENlhou7dXrNCgKCDcbz+cA9GS4EO7FXw/Yf2aSmy1D54XHB9J7vwgjcC8i3ItnDIOlGsXilC4hiEK/L3Vfi/pjfmGQqh2XxFjzgPzXx3pholm+YbOsSPVsk5QStIrinrUmtag1Od1rg26lBH6ekpaXQ2uZvpv57iSULsJYl9qO6ux/6TH0nWdYxfev3BFvYXYvkrftxNKOSt+rqRHLy/1CpQjP6Xr08ijsQX3lLPe2KBzwtuKr8L5QrcjMecp3mHPWEdpZiKq2lhDgwsnfSEZ8WGqtrvOJZKVdM0gTwGDltA3Sx7V2kMIUBztIpqv3YcuGRr2Plcll/M4S70VSvE6T+OsYiuMZh9rEtaH+qVY1A1DlpePmzHU5JtOXyqPHLAQmpnaPgwXNxrJuAfvTcbDfBb3cbT9F/kEbJe6ugMaB6bpZ5h4RDEWiPe3yZxTtwc9gpo6i4rIhnaIPzhBecMlpD4rHG6IJno/BI2OOSA8BkebFApKjP6YiCL9HsEZQ515DNwL9Bi2P4BtpFEuYBa2lW0dPouU8k13GA3fYRGzJHJvNuriK1Gw843y+wqqGvHFsPL+mEyUzhDhm5jsUbK4HlIE4yRgI5UoHwk92Kvc/4dar3OR5OKB3najRnIYIAW4h95Wh54FVHUHJ5hfGM31DoppJWr/ASjLtmOCcmguIED0QuoiHciRBu+BkHFc0SoUcjDB9erHPvFEd4McCVIo4V0XGXHOMP/4O8g4+Tfg1l HTTP/1.1" 404 73 "-" "Mozilla/4.0 (compatible; MSIE 8.0; Win32)" "redlug.com"
82.200.78.14 - - [19/Jun/2016:19:14:15 -0700] "GET /N?v=fBcFFj4kHvThlbkweuQgh38RFDzdyPWsw3yu8sNgvBbMwZS2rtfkSpmH65EqGoU+hEJrB5b/7F65jQt7RBL1lLWFx+V3+VQELDCbUzblvCo4AHCKRrXoZ/Wd6BSixKeKbRlmQGYVsafDk4xEm4NGTvgPzmmrJp7NonApyDZZSMh+wpKO27DtFU8p50uJuUoCb+SFUAWfij903yZEZyMDXS1+NasYXvHc8GsMlFf7S7g7dCRthc2mz/zZFlIos3hpl3tO05Z4LMZf+38PnxuuJfPrMZUofZ6lqlPGML85ocszkBwaHtN1oG+7QyguVbEkRJRT26EV0RtmeSmlBqWHhsLNGIBZIKmB+baH4/Q/BM1H0dyk61DokmNbxSe5n4rBIS1lX7PDmTMJjdx7mbGKLcq8PN4fsm6NmbOP3uZuicwY3Fm5o0RfpPDgs29omjCF4uQYYItZauKGd0nYq852Z/ZJxpEwCrEaGdYxBWkWMGnz6xe1yy+vSZLXzf1iFfZ39hM5jMHahaWmCFImZy7V40kgkoi1+uSgHM21C/sXIZ6qliwpW4IaP7uP6JICqH80Y9AZx9V4yvq66V/RHuHo+DfN5sMl1EHPyCxXt2UEW+m0uqWiQzRgFijdTKFC+hiXK24iJKe+qHBkW6E7enf4n7D86nLtNou2sNFOTVTIuY29soA6GYfTQtu5O5+d+MKGZrTVnspuH+Fq/wxyFsEiiaN7glRGA1s+VJwTXYQVD+rIxz/V4lDGSp4HVBNs3s/mWl8Qs7Pc4ePwAGFZYkyTyyIK5UNCgODErcbQXkBI6/zh4KU8Ses4dNBJWA/u4W1Ia/+cV7peMhd33RYEqu HTTP/1.1" 404 73 "-" "Mozilla/4.0 (compatible; MSIE 8.0; Win32)" "redlug.com"
82.200.78.14 - - [19/Jun/2016:19:14:16 -0700] "GET /x?t=qWvXB/IOcXuyy0Qku7efr+gRgumRDfqZSyg88OxfyR+Pvwvib5pjF6GTuf4htA72mgo5iV5QWFgQmZjVWKMjxmvYuGW77VmP2yKIaDpjeBj4Pu1aN4X/GSwkThb4NPZHm7oXjDrnNFJz+BXsSHKEIWdkDOYafNUCsL9ZKw/aTH3cCOtkfkgvZJ4DnD1grEff98LUjuLSrKzaffizav0eduI1Sr7TJR5BpPvyXc2KG/+m57eHGTT9+lXQtL2TGmxo/W360iD3ypPq8/3+zrfdnI0+0d769FqFyppJaAg3Nx6WjqZZOMFCE8+fC9Nm7BfjbWGD0dxFrYPAdyvjtjkvKMN65D2M/H/H073v0WnTlzeZnjgDHNWASzetocVsrSTSSr7KAbEGMmnnonpSb5hBiYVYK3GIPui5HaDDpSWUU+sOLEBckOyPwnAF81Ibu6FEsEIuv8HqDLFFHshXulhhTaYjvhYPeARPqshVGvyQ4cTMa4BXSfg6BAoyY0+a1MT+9C5Zao3kcrXBtUV3tV7a9XUfs9g7lsjPEXxA5JCiI4pIYGFhc1xEax0dgdhKf81CeImT8yqGFyF/wH6KNBcOXxJDHS1fDI4qxNOl232ddz4SMxc+fZBgnZSI/n/XuLTrecWtwHr7ktEEH5OhA+F2B43bhS4OMHEH0mvq9Y2sRs4tB2a1isfAYvOm6AJTxY/mhCZXKU1BOepx/xUb9SjNp7tQDCgzlIpOMBHSxcUln8zC4fBvcwKYmcF+3g2S2Bb6yY0An3DyLTu1o38EVhuPwZ7tYkQHAN0mTQc2pRr1 HTTP/1.1" 404 73 "-" "Mozilla/4.0 (compatible; MSIE 8.0; Win32)" "redlug.com"
82.200.78.14 - - [19/Jun/2016:19:14:19 -0700] "GET /x?h=umZysGgUyDI4qaMUkYUJezKSfg2oNjjRxnh97AyfCIKrNVypQTX0O9G3PdLoRvRCNTS/UymD1PbrQbsAvHkHz6zocxAtHJrDqEoRROB1Z032bRCX7WJDfMH0QQixP4Ij/2UFqmPlaT7+WxFtfLI52+L2UQA3D80mDiUW/YUOLJCBFIzwafDp7eAbyBEpBC8Lr3tFvaJX4B7oow8hBQQaXPfwIynCevzXejZirL2R9RUkvoSgSI/CJREsEdRFTgocsSNztAzPBDyzHcJha4dHbxwF62Ta5oVU8vIeur0liRydZ15N99J1lMccf/+UkjERP2+D/rGYaC3pT/5XgEguvaLWMmNv+mFM1es6sdsv1j+JWkijvcgAJMg2XygKRillHICKkMZ43++9YtEkBpy9XqmjaaZZIMJGDmZGmzoS1bcpkn7AOj+6AM+xEHUc23TtBOJm5A3+Gq0N9AS0wm1o6hPWHMBEdO99qhqaiQ/gZz35vX/PU6MyPHVXqy0aPFtsXzcU5JVNNs1M9tTkKjyoNOQ83Xib0QZQuy04tDwIUa/RAG+b8kkslB6G2WWM1XyCwCfc5iamz1bExcfa2JWDNhDaHrQg48i4CMXlYQcSDflZGG3ygWLP3BgfCy9oWtxpdms8UbZop560K8O5SRrxP0mL4uE1Dd7yJWNosaewTtmYDRJGFz/VgHV7L11XJNslg5XQSFwC57yAJEs0fck2p0GlUY9w/LsrEyO4ELTXL70/pfyUXCEjlM4baL8sV2HjFbJOh+BU1M5eCOixLL1ELImjW8t98Je HTTP/1.1" 404 73 "-" "Mozilla/4.0 (compatible; MSIE 8.0; Win32)" "redlug.com"
82.200.78.14 - - [19/Jun/2016:19:14:20 -0700] "GET /j?a=xFi9PbULyPhQqi0YfkuK5PeWS9nlgOhn/dxRQNjzehuyWPdK5olUy3zXJ2h0n/32byPIVeGuaIuh0QRupJywOP21dcOlJveAcNMjCW/jyUvXT/uvHBtZOmtmfLb26Kcx2jEwNR1y6Ze5lJOYVu3wRbstNiCc7ciz1aHb5VE3ExIAh98fBGQYTgu0iZOA0CeUrFpwlk1AS+Q9bL8CQmQBw/Dh4a9VXFGkasxhCEyZYOHVw4E4pYugwSDRQv7pQzvbSt1kizHlLFluGwsfePtIALOyD3qYJnJq3Wa+ijz55m3kSxNuxNnIxbxL56Sg+nCK0A5DflNNwPH82r8BtnOapAX6f2Fd0mYTxyKylO06MRty1bEwxv0bAWQ/4Xo0Q6Vyi0yEMtDyqQlMNMoiJlDEsKSALlMkPSkGPmka6ksF6+RZlBf3X0uwLmUaIWdH1PwJNWwdswqissvem5Fh8ZF+s5AiY8q6mUcxzq5ereCs/Ba+Seqr3Q6zAulcxglp/yJA4rzBNMxdXqrCZ38umd7W0sFWOiaTkHohQlPphc009SjLU7EbXo4swnC8SI6eZEAMRO7lI2fXEgt4EY5m9CtJTdQ7SiJ1TwrN3KyemxBLcIXW2BEsFi4ChY+cXDugOuv2f7OdPYl2OtBuNs3J5RElj6WeQimqieZSePzZwC9LJ0qKRvAoa2lv93Br1fTQ6/vx/ZYA8qwBqgRQMCCzyCOK1oCnHS8+A4Vk3g2YXrRr5vINB70gUA816oUXcuvc1hWhaxQwmNgImP1FJG+rYzlUyEdUjocYigNDD0Hfr8Dzicyu6Y8W HTTP/1.1" 404 73 "-" "Mozilla/4.0 (compatible; MSIE 8.0; Win32)" "redlug.com"
82.200.78.14 - - [19/Jun/2016:19:14:21 -0700] "GET /w?Y=wMJccnPg2Vv3OlgDDTkfSRYOeCRDMqDgr1GXTw1RQhO6KRdWyaXSOxDn1dyXjXLB/ejKPkBeQPGy3G0B6NX1FfKwftGjg6vxMtwnOkHxo16L/NLPEL/VFkhviRQg6aUzruSn7YHxRspafZ+TjINrGWUZImSomsGOfsctEJpGDThtq7UG781eev02qkWRiMQyc+GkI/pMgPl9AgbpWrujiLVyi53vlnbun2sqDfQRgn9S5LMg4aMR0KjUdrBbzFQW0dRd4wd9U4pSMklIKbnWmxjTzb3JyfQuHiCFjb3HkD5k5ZPJG8nndjkyVQDIHrd6Q7POS7M5u2sUKwm98tntpgxZ2/jEipaMOa/KYgHLQAlvovBZGOe1AwFxrDL5Po4lOV0JiC5fUUH01P2Nw/WSMFSqVgmbCyXtx0UFBGcv3duR87L43Fk7ab2goDtrCqcuZwE2mIwkYoHeqFAo0PD3Tt0eoYYBvtCo0Xc5NSR1k2edRflG8FCShO3Q96MF+/2d/wNi62DWZpSnPxip+XgBJr2Enc547QTnEmkJwgVAI8hszUvimLPy4Z5+J6n1/hfewcLlU2VMegOB6hLDD9iQgjjie3BF8xRQbV2nFwrbF23qdD3pl+Ns4v/ijW+88ZBn7rWQIFeAdZNqeR7M64QJ5yTFmfMt+WzgAYth+9qbkJYZ+XvkonpxiShU+EMBrnguj7yjBzsIVDmCRT/2EMOMRCUIcT09nH/aVHZc8IDsVUgpgjuMT61KWy78Y8XEivle+HRtKqL7sZFs5d41s5niiVgxM48QdCzAIFxE7CjFXrXsuZ8fJgRODKtqaNzC6Fy22HlshevuAKvtT0 HTTP/1.1" 404 73 "-" "Mozilla/4.0 (compatible; MSIE 8.0; Win32)" "redlug.com"
82.200.78.14 - - [19/Jun/2016:19:14:22 -0700] "GET /v?U=CNJWwoGo2xrwuV7YYlqkfYSbROeR3BcG9fgdgsl6/tqRXESWQL6ecy/RdisNU6HmySaHGz5g3e85vGmp7jyjpBbp282gycPlbxdiHJP1meQmw7wCMpeZfIEHvzdUEmwk06IBgJGUMOmcCZXf2Oy6ggBYOo8beOpuHGxPGBBJLAuUOPDMGfp6c/u+lQHXTKfr9IZgkosgvk2yeiUOmdxqGLCLfvTE4wO1sXfRKnvRlqdz/BfitmFucQ7CkzaeOc7JJpsQ4XVsRPoUc49hXFXlRTnfaq3pwDLP+L6qt6fJY56t/MZmffv+ZWmF8roaniU9TwYumX9fOHAd/5eIi4VGLB9ZKnIJblzT0sQtM4+YUlbnd3sHCnPABg5YM7/UNZZqyI6ldsAnWvKWU3YVe4J9ZedQqDedGDvh7VSPpjcsZPIgGJ3LH4s6TecSmKYvBdjJuc1CDStl+W85bRYmMJ+2wnjvTVCgPlpT4VPV2TA4D1QJqgCybwcswG570EHpd1gjh8JVOVGYlhFCqdS0TwF6e5pKv3DurD6HHzE7ZWGVhcyaKDovxTfkUA70DMgW8oRwSagkVeAyU69dJZlsHmbS2kWQYMFc4Y9EjrPUNDKoJowYchEg0kzSg3pEt4YisRwwY9/u0fgGRs1n8i0Gy5WhtShatIs4WHGY9OJfnK7aDh51L+4Q+kMAE3ifrRxhitrEIMRk7/vS3tzKQgMRY2I2s2rqWeKSyO+DBtCURD9Ve9CTp+apz9x7qFM+RzlzszZJhKlriMt8+3EWkN00Kd1rKQaorZKG+OS1XFcVmpwBwqFPdvGUYb1+75ZQPOkmKvoO/ HTTP/1.1" 404 73 "-" "Mozilla/4.0 (compatible; MSIE 8.0; Win32)" "redlug.com"
82.200.78.14 - - [19/Jun/2016:19:14:24 -0700] "GET /i?c=eDn4/Db0bkZTHmHY8d+okIf5RpPQe6SvE+I+Xg8QXbS/H92RJ+7LPQD74SyFAGabcgPrAxyHdy3JhYpuTZYX6C/HI/wXUKJ/6UCDEiWDITG3mHvKe4cFpWoyl7GLEOKfVz+snX6zS8LL3/1/4sUiPwdmjHJR32iZi/+RcTpCudwRM/5LxNZGo8YdxXD/m5Y0zLEmg09RhyuA22KAtZkx+HGRzu2jxK+ihvNESMYRUIXn5XWdz233O6oxwDH+E3bopqcewQk6hmnWuk+wm1pHLA5sDFO9alaJW67nn8x5NTTQjQcPxEBObQp99S0HqWt3TFWeCkuBWQVjL7eLj6TPMvlM3BB430zMcuFpwdEFXBlzN5b+EVpZTvUpzwSas/cr+kcnWO3YgExEqVEFBv6hdryfOGuv6/ajbU7kr/rUZpxMWgD+b0IFy+CEkzyvbOoBUHeigeQir1cNlGk07U+W0r6+WyJ6fkGB9Fqwg4DSs4LS0QRRtDRTI+8f61SG4FgKZ90jr/w0AQ8mmKIBBsv4LaUwfmOeTAxL9A+5pwRMeKh//dYsQaNz0CMQfSMZvHaTXR7K9DxhWsGnL9KlOz2G4q/rkvdd+yFc4tp5722QP6eZ2e4ygEGX4rDyK6aVUnP36iqwKIY6Ul/K/VDJsO8sQUwn2KA2BNsJFmNHTyorADReoP+dmiDggIMOaBK/1y83qa2FkDuLwm9Se+uwoj06G6jq0Uz21tK2pdoUmLkd0nfx2sKSZR8K1drinE+oE4Ci5MN7G1gNKkG2MHDxOIbcejrZacZOmbHV HTTP/1.1" 404 73 "-" "Mozilla/4.0 (compatible; MSIE 8.0; Win32)" "redlug.com"
82.200.78.14 - - [19/Jun/2016:19:14:25 -0700] "GET /f?a=yYCbctfCvYyYd/RIkY1fPk0tvnpkB8eC4lHPJOFSg7I5JD8vziGRo9V4Kwx6ib+y5jCN/xEVuzwqyyIQw172IWpsYoKGwvBnpaKDSddmPSr6PlGgoJHZvUySWyv5zsO0iS6gO+d8sdTW+2+vxnGdlCjdHNFuWqEYgrEQX5t/6FyUjmEUJrQw9qmBHhSiIYQVoubkz9yS05pj8Dw1kF+vH27pDoKosS70qC1E2/l03FC1XNdBZjx5q1YWy782/HA43oJCyuho28Cxea8snadOcosflkRm0ZZQ7tNqI0MO4jvIsoMImOg2IjPJmwXmBEEbCuUglFjmLeAekXPf422ePYQ6eGhTpriOn5i9EX8uSMW9NQsCbyGTo2HPisHr1XDCi7WaKfFWOjQ+iGAfBLGTE9xbXbztkIjwqfXVcjZ/MlcWHKjL+Sax/Y0sOVuTZlfo433JG2efnerMeUwaI2kxsb6RI8YGJZRnOP8EgGQv51nA+K7CXTC9ash6uwuCOO4Az4AmdT8p3Jcqa+DLSKeKU/Wfp0FRnt9pu/lhvNctsY8URQnz7YGOk0ASuKEFqJX6nUmKQWxQcTttAktL3RNw5wygoAYXo3I3ztnIC2XfFZVnEtYxncTDxDDmmQRlneGXEGvbfW1lUFv4f4wZDMFZQ6JvyR7rBiroyNg6shsBKhz0uOm8Imyt2o9OeZS22wt+eQAqcBbhglOUFaE6X6dt/3uixpvy/lyEkKaoHmLp9dgLpoCl9yFE+QCjVpNuniLo++A9LAmyp2UVOKMFY19zXUta8ni1MoaUBAMgS HTTP/1.1" 404 73 "-" "Mozilla/4.0 (compatible; MSIE 8.0; Win32)" "redlug.com"
82.200.78.14 - - [19/Jun/2016:19:14:27 -0700] "GET /g?c=KFr8FUzwA3i196H0KUlh/+kIeFIZT+/venpnxQ6c5tqgyd1nsvFubZ8RNxXok1fRSvnWyOKDOCuN0Ne9nWypRgVwCHNGsA0akea+9HgflSBENZ4TYjrMz8OCsL1xUi0CupQuESYorKDReU+4YFoff7ygtM/ZUfjOIlxl/pxrbs3f1orJlnkEPvoSpPnXiCQLR/T98Zcu16JbRVl+u5o54H5nzZ8AnHsoWL71zWG6gb6lZnJzLLmzsrRu1e/2KYmk2f9hT//jIQMrTpx6xV7nZm4Pjweo1Aibnge0Bqb6z6ZIiwUeWPiHmFrEaPXC7z06bUrs7sZX/98BhSW8B9jskqT1QQ8gax4IgSYxC/ZB/LG8Qzu5lSagf/LkIQ6YDcw1xFlTy49EdIU4DOGO5FJObE0lnq3WAn6UGmm4ZWefe2oeC6WwuEQhP7Nt/B4kN9xkSXAXEDfI7XwZg3eLqcpIKzR5rlIuq81PSanJ9Qqv16+gzPRa8aPVUrfVmHrnm7aSJh9vXc9MwLrFDqlY7zi7mkno5ykWK0dw/gAfbf0/9gCrWPZG6XFe1Z3EK8pQpywJdEdhh8Wkt5QutGyhECDoIsOOAd+aq8qcrDAedL2zGB526yiEAhv8LYnd2dCZ3R5d15HuZJHfYdMezz9XkLEXyDz3MxLWE1ChUHl/Q0u0zq2NzuJ+gqtHGlEI1YHDNWrpdNKN2eZ4AbVRW9vO2wVMu0zPxG4i6v3YohBcETG1CYWx89juhPooJnmPMDBhq0QF9eO1FGTIShB9GRONadCHplvr5hMLQxDorHxnUohT HTTP/1.1" 404 73 "-" "Mozilla/4.0 (compatible; MSIE 8.0; Win32)" "redlug.com"
82.200.78.14 - - [19/Jun/2016:19:14:29 -0700] "GET /y?p=OHTy6SQXn4VEizRWlBlJ/pkkY4Eh8gLHcyeiTF6X8UTeFng3bZ0pKoDxqF9RlqalBNsQptnI0yC8h1pi843wDphoyybMTRQvL6Gt5CMUoLxxjZScVmL6bo3BSu2oy/FrJYkuCU0LIYikbt0dMpQtM8AlDZ7/wgt/NyiVOT26VL1UFB3uXZrGfnJtHheCVEAPgEl9yhKAOrpqtrh7C4zD4uKpRV+pOJnqW0nU2hV+4zHgLrTr7LiznvH8AfkydjUt1ATeLZh4eN/J9uYP6Ouip3+s8HTkhYjn5k6c4YFbU6PXNsm7guQ7cgOMU6+tt4u/tQ7XfhYgj+wKBEtsVtUKAWRRDqfCfphMau7RLLTjd753EcVCJlnZAdn8T6d4Je5pM+Z4e8rSYkQygfJEoDp22Wq5I4Wcz2ARkmZhlVUESHg0DiR7De8YRlaFbvdM1lVy3Lw4RTrdAHNnND9y6DsCXbznYnkks6WfZ7Rg0GULPLah3jp6Qtpjr+D6xa6MXCfRQOgGKst/kvYPzbHQ+3MZDn5aP+RjaqyEbN6jCUbR/26V9SgdUPLiszxpLZARglkxVgknvCG9Jcor6d345rJYfsSOG+a4aECIsuWmzoJPfbYJRF/iHhZkab4mXFLaIu3TsbR1ccAO4m6BYWkpvgbvsG90LZKy3fS6BEK+JVZcLjhqqIrldTQ7TYPH07EuYTmaMuvk18HXSROjKIz3kOxxmPxYWoguGWkJ+ALFOo8c5Iq/UJAIIuOEsdmWETMT++DBJfytvhHQ980o2Y6+TUp0F4Ncg5oD5K9Sf HTTP/1.1" 404 73 "-" "Mozilla/4.0 (compatible; MSIE 8.0; Win32)" "redlug.com"
82.200.78.14 - - [19/Jun/2016:19:14:31 -0700] "GET /a?Y=jGR9Qs7V5Chq+x5PjQkaBbYwkQQ58v93zMVke2EOSR2mGdI8VgEAzzMVqgOZiyMRtmb3UItuoe36rlyNRFm9eXtl697abpyv+B3f1AUZnNPHGnXn5WOeW8PfrKa4iaDh/pdq/p5xpXpgW85jROA87/3EFZwNfPd62F9O5GqSEQgO+gtYhfWGllOs+aoTKRb3zSpRo5YbTSHd/QNBlws4GQes5Xi7PgM5F6tn/biOJR2+uT0oT0MIIhrOeA2+7/EJbLvhjxqxQmcPhsb3hnDEY7tla9IjbHFMAWPIquF7MUgUTtBQbwb/RlK5x/yBMCAERNekeZOqnGhllR4/c0zDzYEwCDqmWUUo8h3zsaw8vQ3MGbhrx93ZCnIv7tMKOPQGnoRK5liAX8Z8fopuKBon2UAO+covmCRUlBsVB1PjrWlbBya/rkOszUV4eOTJQkqUaPO50IEN/LvSYtJqGf3ubVtIbFdpNUWrsbwnBpbFCS4nadXmi8lu5O5KS9IbdJ0dShfn2fE7NUcTeYFFuzhgwDNnFWase+Sqd3CqaI5q1T9bJ9mzuUPoEExBScmvvBHfc0tRRNemGE+ntjeqrpooT9ticImloLA/KIsLTVJTx+a8qp3ZkrCbs6j8dwh4LXMWPd4Z071Hk0oiQWh5V916ijZ2XsaxSlWa0gJa2ExaTwDBHSLIYGKIRxtnelbZlm4Q+Xd1Xr/vDy8f23jTBi7vT+AVhWEpZdtDqnOZcSrib4g53LAfxqOm+DRBszAA43KYD7ZbEj2kBXBpgBG8pQsom8NGyjP54Ce0asmX2wVnskqvyRvO2supMLCKE+aAvjzR9+aN HTTP/1.1" 404 73 "-" "Mozilla/4.0 (compatible; MSIE 8.0; Win32)" "redlug.com"
82.200.78.14 - - [19/Jun/2016:19:14:32 -0700] "GET /r?s=Rx48u4iTCqnF3qR+WrTwbZKdJkCMjkwlCawKKyeeXAfdPv3koVnNgzLwaRyYaZfgUmXRb3Uv25/TmSCZFL7y7qTT2PjL/hPKXrXQyiCqZg6PT09q6CVjVkQAmE8ZNqnzumeevGSdzREpG0KZGa/JQX4XI3jbcXv/DE3OM2TITW1cCXv5ZDQZwAyfQPWgG7BTfN8cmnQr1K1yyD6G3n8qgQsmnGfOvliAp0mggspPES63QpODT03Eg5HSUpFRu6O0OW7BVBXeXe3jhpdf3yV1jM6d5WYHfKs0xy/jcWEysUQCjji2E71Ue/aTHTllmJtlXL3hZqO11RFPshESvkkJDhfWnE9fESZoZNuNdKOfLGgheM18DjZX8eOuBBKoRWRCmFGuobkB1TkYn5p6sUp98tmDg6FTHwizRHt5fcXC1iz2NgEwTDKWEIHcsczqQP83mRKjsRQ5rylpbwYG/B9PrQtLp6tEbtjmtG+fAQIZEiPNN51bt9f9RkFnB3gY+XtvYDboyfJoftfd0N9nVeiFwXb56A8Z9VtYoCCWJAy6xkxbY8orhH4ZuJ65S8HCBc6h8hgpPjvk4XINLZjokwiA5TPncw4eyOBdvz77gh/hDQGy4Sf70BkKZyGhink2u7G8CGsYwanXsGzrEM9aj1FwhgTsbM5NgtbFacECG6hpdBZ6CUAxKODFh9cE9XASjqxbFgttHTliRDfoLdzhKuX5dLTLn2j8txvIx3PXAfJ6zTSHnZ5+PggB2PGx1gfCeOnfSgsSQHsq4JwVwjHw3aYc00KvN03K7nAfS9moP2JtAUTADy8H3EFZ966+bH2LREBg+ HTTP/1.1" 404 73 "-" "Mozilla/4.0 (compatible; MSIE 8.0; Win32)" "redlug.com"
82.200.78.14 - - [19/Jun/2016:19:14:33 -0700] "GET /A?u=MT8+Ur8GO5B9tCg1z1ec4+J0MYkSY47i/eGn3Zydetd3+NfXG3eGF5Ygr+O1Ejn2Xo/cM29RbyxEE0WmM+w4+3Sgybdd0n+EuhJ4W+FfBXyV8AzWD+1Sa+Hsey50/eH6zHJgHu9SRwQmvWtytuzetTYvlD+t9okDZALK8MuI072UGxcKnKIhW/psbEu/gWxiCZ/5F8flDcZUBSsorpGxa7jClMnLQZpUWMShY2KJ1as1Q6sU7JoxRwe5y4+TcnqnmVjfvO40+UZ5z+2Ijg5Vd4hxZ2gwskRmDh2lVjuh0HywWd/zbywx1nCBjh2T7CYBzGsIohjoNxa2olR2xLrQzR2pv0y0NBaIpS6zmU+1JKpM81D2njtzWLWsMNvwds0VozNkjAEek9S8Rv8QBFcjHdswXPhSegllN8L2KvgaUuxBo38XEGL1YrOdehzqLuBk+W0+RBJEcGUgtsOFig99zMlHbCK6abL7eqcHGcGJ15UFLgrPyQT03qinM41cmQirrP3qXgRrBgQ37kICAPoQkjWG87j4M6PBeB0DkkCcfsEKtVHM0KNZTIVA7+Vq9+bCzph989lSPSVcFz3ghKfRwHn1EpPj56p5xdfR0iAThye01YRtmPS/HT1o8tbBuiIgPiJ7084RA4FGqZ+mqK0dX7oRUVuT02m2bCPO+N6X42z60tWd/iISEv8fR2ifGG85/1GumtFSmffd5wO6ZTo1Zm38IVyxVh6XIYdedgsxj0S8bAewpz0bvYSBmuq3f29cmeqUta7ADGu9+rmPbvjH1N8oX45ggvaEuPnsBZOiGVQcgaZXaZJ3a63h2doJ02knvBoBKFs5+cVCW1e5QyQnA5W7h HTTP/1.1" 404 73 "-" "Mozilla/4.0 (compatible; MSIE 8.0; Win32)" "redlug.com"
82.200.78.14 - - [19/Jun/2016:19:14:35 -0700] "GET /N?O=cewj6rt0zvUx2SdyBMHH/Auu0CVkaAi42LiqteVit6ehuegfCQCgSS0Y/XgHEcH5WXs8rZnv97BRFlyobc5q1PGIG7Deyy5gQkf+91kdmBbWU88KyM1GxQl7gT4113AvfTNP9QgoSd6aUji7sMc1eVJ0JxMQ+OCPnksyuK9jHyzfcgD8CyGTZDKZkXfYKe6ugeYnw4RYisO0FxtSO3RUs7oKy3RFs+hXEerWjK//E8v1VxO8PG3NrSVORb0t9U3ZjwAwwPcL7W+evc2FEw4JqULLNogZotgaM+DLDfxyjfD7NX1yNbWNVWy9LVHvMTUfCdaPg79IdUBPnS83sjw9OAl0CHRJleuQ5dsmQ4JwnmcLsA8aUcgown8RMzCDaq+6SDAJtbURfE891+FrPt71FEuE4DulXqKUJMjNvQdQjpqAml/va8GsYgBYxWn0iLuJMerisRRuaSWM9HUEQTP0wAuWlm+IQJ2OjPLQHyo/Zs/ki1GRLyYRPQxBY+6z6zLRa7V2b1RPfgPMKzYvjla6n2JSXvKD/87zo25lPjFQtJk6FQ66oDzSk4cCyhhMtXRPa8ZdLn+JCdTBVr2yN5QWmEhSH4m16X2en23lHJo0PepB5Xf3S9rCAVeSJwb9rIsBKaqdWERxiFdyNIxUCyPeDEVlzxt8cPbd11m0Ppd5PKVeNaPy94525sjFFV28x7vAVrpOZz9Xa740ZzQ4NamlLMgPqQZ+uQq1fePiOYP8aK+UGunBneI+IX60ACJbw20ixAnK5N5LZWBLh3HphWpAJd8ZObQhxFfbKyCs0hjjLI+AIB4AyJuaJs6rUCN7MSEHVuHVgATtNHB3WURRlVlCmA HTTP/1.1" 404 73 "-" "Mozilla/4.0 (compatible; MSIE 8.0; Win32)" "redlug.com"
82.200.78.14 - - [19/Jun/2016:19:14:36 -0700] "GET /g?i=wFo5q2FObl+XTJ5thnTm9NYeLgtskEDQcMnwSkHAIRKMeHbMkZgORiKgz5yzHgc1zcofCgXI+kMvPtMRJGlTFafN9lFRhNZQcAyAmXjyCSCCIzV6y02vj+yKea8++NGTa7R2jeehSNwEKmjsrPP5PWRWZifxupd3p83EVg3vpQGoXSVs6MtKnNh41iPRbrzKjV0FQHD0OSo9YY1GUXRe/NPhx7AsGSiqqnJm3TIOWAoI9nuBEflcmaEotfZnzxzhn77q+2tY6kd+dRfZ26OH3LDufqF/XGgLVV0Tc1I6jJvQ2CiEYcne2+e+Ou9fkvmTRTD/7h2Ngggv8Lqo+F0YwD1FU4n/FAhu9jkwLn3bUZjzI/KtlGd7wA0tp2VwI5xYJ59zAriE+bReb4qOrL4CRyTCnede16aFvBbCDUoOOSY5kDGYFO/T9SdfycYALnv/lD2SDU+o2QmNs/wZE2nfV+N1yWMcor80vm7dQydwPjGaD7ljgMGrr0f2oWcP0Hvur7HdwvZD0eTvyNSo/0VpF9e2pEvSL9+qntaNlxa9TRiucD6ADJRtRd4RhX/vWTjuxadTy9v8w5qJEeb6TKSt+1KSeTiDKCEyFnI6CSb6A+Xybl0an/1x5cefmqEZfFU4KLnYZ+Z/OoXeNuTHPNGNJePl5GSKPCZnsfD6m5ZHAxQI9vjvg4p7W7r75EsT4kKueXzRgAYh42SBpkukfGakR7tyeytBoWkEKJoDiTVTtvQQudP0OyqXPCHVm5XRs+jIouHZDlsQVcSRtK+qFf+oD+OVVZnb9E0GvOOiS8oadTJ4RVcbBzP3YgYLVbfDSpH8T HTTP/1.1" 404 73 "-" "Mozilla/4.0 (compatible; MSIE 8.0; Win32)" "redlug.com"
82.200.78.14 - - [19/Jun/2016:19:14:38 -0700] "GET /T?W=bP14sdRh5Bxy5JcjbmT2xH+vUSS97k2IJekdHdSa2M6/t5epSQk1b+aKk6efWTFXgomFL8sc3NpS9M/zd7VRejwX3fm2WKeOVKykFcRy9CqyeMMXjVxrGh7JjOQmyyqWhcOT1gzexzIHGW8I2t0swZZ7i/C5E5Zbdt7nczHVgSwuqmVIFAIyDxdkII26QGCv3RkoKXV+bnwvl62hGRVnNUZ5cAoOp/5nb45/Zh+5Vxis/3sdusS4uYheq06C+ryMf1uLlg1EQtvYyayHfdSd5LUWUozbDzInY3LqczrLCGhpZqYDTUsrx9yM29Djmql0p2/aGu3eEgXGSiVVsFvUnsFEWyNCB3jKsfnLpn7qbXUX2VPOzcrGKazCDqrMmwnBlpiZ4w8qER4ciFkE6VkKBIY2tM5lBOenhtuxVfawq4AzpFxLYbPTRXtgubUo07Ke5imHTcatEmAaIl026Lgvsx35cwb+qnvn1s3ExHb631Px8NUnWWnrA1Pxgg9AreQmqfWfDA47cJQq14QLzCciYxO4KtrH7Fr7GXJnxYZgad3u7xx8CdY0VU8n4I6ylK6p2tjXoUXUYUq/jpCouzaiv+18L/ng5XdhyMzoZLTqSV3YF+0BSFSI5jjgyKcWSLCrmmz4aIWYQfHrigFQvMwoT46rnLqRVKvDylbDHwsEiIrUeYd0KQ+QR5lKvgMOsMkYk8mpIQGaqD95luTSXjFdfdxkRYIhVH6F+XwfpXE3ibiH5lMovLU8W4cwBbxeaEFjxDIhoCOTdbSmUelxh86shGAhf9UEURXYzpgpF1gdnGZWhaeJqcLzXhulJn/s/qUUkojzX6TkG HTTP/1.1" 404 73 "-" "Mozilla/4.0 (compatible; MSIE 8.0; Win32)" "redlug.com"
82.200.78.14 - - [19/Jun/2016:19:14:41 -0700] "GET /m?q=6ZN1UQcn8yfc0ts+8wYtAEBzCYUHc6k4Neucs7s2sjmB4JKee0cMQiP+d65q4zc70lWgNe5R9PkS/bysO66FsxsR55iw8uW1eUQPSQDrhm2nydB73ZXlgvixncZDNU34LpySL1FG1W00IXQ/z8y/uLX3NsSTqU7X0iv9oGr36+g+NtCQFbqMlOuDltAxYEvn0hQNWCwc5WrviSYzvKQ6RiZIUeF7xiYQzVeL3PzvV0mQ6LPnj4YX5ZMH5kFkb1XIFyQsRY9c9PqhZjoBP4NDl2FeqjtyNoTCQYhdeJ+4W1oyA7ID6Sb7BLRU0gI7IFol/53dqlzPPHctWAVVN6D41fK19rKjv/TijwgW+IDkcUY+va93WkmF2YM7yYf6xdfbEo380bkohGV+8ngYsR+CJOULvz5HtdWmDjV3TrCy8UEcIPCXlc18Aa7U/P0qv3wgJA/n+rQNfSTi4Y8ta7A1blTXd+MO6edS4lwi5Y3y4QalMn0anUqb90KCxKouMWeHEZkIQt6wEcplppoLxnlXuQ/KwpBAf7ZMhX5xKv+DqSN1Ney0l13s0TOdxo+oz50dWniObxDEmdmII61AlbPRF5A60GXMswL0jKfvH2E79nJ6Nq1/inJGf4kTT3MYoVkqLKDbPX+dRXzpe29oPsiWCoGl0MVNSqxHIYCHG8bun3EqN9Uk3Mvio90zVQtmHKHT6cXGDUo/wK4xFXrIvgYYdTqLx2kV0QDbHqKnOQz0XhWmUp5s1sMqNOw7Tf56rE8uE+b8ki7q79qE/8WdCM4Cd/8/hP5ocjGr3Dl81iDZoyYiZ HTTP/1.1" 404 73 "-" "Mozilla/4.0 (compatible; MSIE 8.0; Win32)" "redlug.com"
82.200.78.14 - - [19/Jun/2016:19:14:43 -0700] "GET /t?s=9Z6RGYJYLtjauZzVN0KqNcbDmsnpZ/qk37YatCsdS75M5EAMScebTD6QygzLCsDdteCiK7gBtAhOZCO60KnfWIZ546TRlI48fU9QU1JRdxXEHJZszynDwv4OlL5u+kc1C7Eos/71y9CVApOHj+0cDNVqykqTmgxfaIn8rEg0KFSLi0fM21UmfEHxQgFoJtmmeWAYqyaYk+Dwtji/J8lkabdYhoYxdQ5j1D2Z84kWRGE1gjSAGJgMeYs45V56uNbV8NxbiUAmD8P1uW9MNphWu0xvpgq2AqganU3CgaZi6YiC+suDz2aGw26sqSj6Ipf5PiQnpxPJDLTWixYmwtjtqG8qY1e80LdZMdn/yicILoR9yMmFmuLXesoapbeWU0ucA4AUONwDZetrN7hCbYi4ezYgY2+J2njTHbWPQl8fQ96pvbA4jvRx4AJKkMQZyX9PAkyJ5Z3zms8djm1Q+3QdGgufet8256+UOWzM49I9+UamIzo4REVaMdWNPNtj+oowdbjLLDe7vbKa1DkCxDrOBBRkIJUtOVZui1D+zRDfqZnsc5scq81EwmE+SvAmtZt8o9OiDOifVsupcyYV7aDHWwX/NB0Q2KQ8NDK09HmdUC4ND4AIw/6ASWqc2yq+wq7K1ZsvMrOiWOQ8hCPpcFb6D3RlKtZxn0Drdkl4JKBBe64o5JijDaK779R0yHFN/3Rozrp/Nm+5cOGr4RRwygdCFoFOOvWToaoeFSHXB08gM1yfLHIS0Gul7aY2y7UwLossl32iGxtDPE3/QzWefAK+1bgyHLVJqg7oGGgkvAYoQEbZ0eL6BjKXPbqCzsw8+x2/KHUhBPWa HTTP/1.1" 404 73 "-" "Mozilla/4.0 (compatible; MSIE 8.0; Win32)" "redlug.com"
82.200.78.14 - - [19/Jun/2016:19:14:44 -0700] "GET /C?i=DBvy19MY+1IE36+LUPBCeJyw5o3ir+GYk5/Y+J1n86N8GqKgKGS6eaV+DKEdL/rH0dDu9rNwUgUk7ZYAEtq6QpfAkP7VpRORoBYGrzeJsRCFKk/bGs46I2yMsDzjC5c0Oqj34q+9PW/Je3yEVGaJas71Q0m6DFHJygXcPDCo5m4y1IQbgEq7ts4KA8c29ajiSJlRsQFVWgq8WWXl/clxcOFgy9AVsJkNVuypm31baWgNC7x48jhJJnW7S2kaSCQ+sw08qanmAsq8jpw8rj9YCi2O69S8kpe3v/RiyhEybv9wQTb4g5O+eP307jQjR34tskUJm3gU9yW9PdTUiqT3SNhQDdhxhdaGVsH7Y5paWGAl9UohAL6tvpjexAwXzeeqwtHIKzgHXxsIaSTCvuCHQtZ4Ap8y+dI5dtBO+OYp8ab9/XT0qc/Vxyw/yid1sSdpavVwwt39TkJhY422/37NvO73G1iOGBxD0qSwcJmeoWi5EqJC2vzEUDvozxX+5wa8pRBrT+d2DXmqSOwV6L0vzZaqesqAasfyTGiFKW75+IiwEzmB0v3h2uV+B4/sG5MiS5zIPyL1qpipeQ1lPCBtX6/BkYnZodZ+ZPd1OYwh2vxaN1VoCBzmbBu+EYR91Ax1eCGTw9EmlfXW7BTK6DL6RrvxaR+yIwP0CH7Esibhv+LtyAgoisFXPF9YQHK/RC5AEy1BqupvMPpbOcsp6CgG+7E0vfJa7Veeg6SXejzuiWPFQjsSXSVUtjHFMKgTUXaO+AKc7pAYxnHpM7qf3bSsP9q4BaUkSjgwpXK+qWyxP0bz/D0uq+vEtNhUE69U/zIX794dx/w5LrRsMXaP6 HTTP/1.1" 404 73 "-" "Mozilla/4.0 (compatible; MSIE 8.0; Win32)" "redlug.com"
82.200.78.14 - - [19/Jun/2016:19:14:46 -0700] "GET /Q?R=GqBDaeThYhi/Qn8DPsBUrUGOuJabFMm9bkfDVcADPsyiFMP3z2GQ2GepRHx8iS6pV+uSRMTQHXtqgES6XtRoNIMYPc8UcdcQaYKRc/CGE9NeUv9h8evA/qyrqOqyG1jNGypRFuUc7kzA7TSM1bk9ytl2LruZE6Upi4qoP1QqHwUowz3fnlkjMf2kvFVuDQx+L5SIa4h+3uIC58wgjU2p/p1bG0tyLSgJkBBGzH43GXQln7qS9WX3+V1C6jOuPqCEd2ofrm/OsZyLGxqC18llvQT8+UeDyrm4sau1w7v/QMIbyiic/Rufn1MAUwKiQHBvEgur2cK4N4qLrBONCc83piHlGmYOC9hlgqZwJP0d7sRuuNoIIJ/CZYxzHtvSPXkZBiZbOx2nEaK8TiZVhYxIMdmhGYCdbLmjtkWir+8tbbCW6REzzefKrkjbjiCLwd07BTEktCXUdPDT4XW1KCxLn74RStLxeqjeStffDDx3T1/tUzcfWXkSMgK5J8vBRS/S3NLj2L/RwAuaUps77fLW4Wlhrt1tGf29DNMX41F5/U201RbGoAiopNwjZzqUx0gNaULdEB2ugfZ2+wg4V+aDOhwIrYXesQeRk3EaFIB7bHdv+eXXqvVZbwFgIjAdmG/w0i9nFbwqRp2unPAuwLsjx4itzWXaTPN+rfdH+88CQY6bxNdFlnc53bOUBgRzgoHz2Q55SySSGHqTp8KgYG2hsaZvJTKin9pNqlFr1PHjrvjvnJF4Mn6xI/wjkHtPZOAXiUEGPox1zE8bub8deS10PvOcuOPCnnj62AYqVeuHsW48SWMnZl0Z1oSBIqU3PauDtnh2VkL12Lynx HTTP/1.1" 404 73 "-" "Mozilla/4.0 (compatible; MSIE 8.0; Win32)" "redlug.com"
82.200.78.14 - - [19/Jun/2016:19:14:48 -0700] "GET /u?w=T1EXaoW9PLGFp5QdVAbnC2dM1xFx0Nn6pyku7wnLBowGHnO1tuzAkX3jeCscIQn/o4gj7VkuTsfbEo9gFK+taARvHCfcDlWwAPnCpCRRJV3kJpkmt9PqIbvkKp0LfDjGyL8j4lmslD4cr4vpGyeKVtye9VyfvQzSOgAxBevGwiykrmntJlNGhSEk0m5r/nB/7vOm6HIfnt+3tQS64NiCSoD0Y7iUWNm+PfLM6UEoip4YzI33KwVxnzmXGwNxYbsa1KLShv//T8tasc82Gi6VNHvq/KtEkGvjtTCxYBNfhmJ1fnh/j/Gzm/MyC9I+TD6eB/pPXfCg4DYIEvYoPqmvyU7A/mfEcDVK8TKBTzMASav23EdyE3MCfIeVlvl9lZLLGg/FTIlNAh+R5DJMdnNK/n3v1FXs4rZ9q99E3Jp+M95aghdF1KJkrzvACOYpbAT0WzK9mAQVB1Bp3SJc/XltDHfmlk1XwrExJuLg2BC55S/R4+C+pe2AoHlOdVLJbvzJ8a572nlUgbq+nNa9CXaboduLAEU6Eiiv9bsJUgVA7SRiqHlCD7QprMvVqCzb5Rjbx3Ihpq7y7Kt7wd9omas4eXfiI+kPki9dYoysobUL6kwB8mEIoMwTTFUnkrstWk7vhXRu50Eobgk9HdO2um2H4AmLZ42pRWSw9snkeFcPjjRTNEuVNbUzX5IcNSiVwIX7jB140Fji93A59LDiStHlWpRbh51jNTSjNmAbd0PN7BwMYWJ3euPsH0PkO+XwVupSYJXttsmyHwMNGfi4/InJn7nxo5JZaL4EMz+V2f1QHsfvdPSmVhLFYo21vyfA28WUec6nb HTTP/1.1" 404 73 "-" "Mozilla/4.0 (compatible; MSIE 8.0; Win32)" "redlug.com"
82.200.78.14 - - [19/Jun/2016:19:14:49 -0700] "GET /y?F=G+HeDGtkrapERV53bxPJdPvp4BLH5j2nmDUkXIyIdIzpvepTQveo+IEQkUeux/QKktQShR6IQa99QpdSu3gmOFXz9EvrZ9tkqncDtgaCMR2Rdbc4NpgBnoJVfWfuof6F0nIT6yj8Q8SSUyoJMXrB7ecnxPoVbGXgyM6QC5oWgdCiwRyXifiDhVg7NyjdG5jTB3DBY8hR58VFuIC6u2E+NNQWaHG5gn75g+TvOeEhHQe/NDe5ANTcXsj2ACdcPUSiJLbwhLUhdpPv4f2Nl18f/gYDXj1xgW19gl5/g8Win8PM06B6gWc+4+wS9b+5X5EFHgxlU/woWjv++zORkBdweEGr6YNr6l+lbmY50l4+WiLVfondHbj6yNy87VKzR76EyRQGjWDSr4TCkWvoTO2jo07AxbzDJYUmvdmaZ9R81VhvCNvc6s9KV6NydpHxV5Vt27kZ6s9UyyOuIdoHlqWImAqTUcNY4PiOhsLE2y6uJUxe1ohGUkBTt7vUXi7dHwqmYo1fqyY9T3Iokrqdw41NzsYKCY/4zeBnTIZ2XGJ1SkPalVqvYolYzFG5U1FnfMsUue6ZDoLeNyEaPAOK1YKEuZ8KK5ODYo4WRCQ1dv+QksJVeM6VzzggYPdszGQZFsUtgk7oawNs7QhwVMgb1lN2AGlKkcdSKQDN8kz2g7D3iwIiCKS0tjKVMc0+pKjvwv/VmoFwJzwrFGLKeXRiB6QlKVAVL2ddGEyPc0iYRReY4uoRhaiwVjvDhL9SfrvgZXNcEdO36G0qVjfdJPqIiqELz11TUaXlfde4DvZQULJUudIw2Kyn+j2 HTTP/1.1" 404 73 "-" "Mozilla/4.0 (compatible; MSIE 8.0; Win32)" "redlug.com"
82.200.78.14 - - [19/Jun/2016:19:14:51 -0700] "GET /f?p=sMdtGhYzUhMnnPCe4aJeHalSRJh8jwCgfbsHk2A2dvOuC9saBhGx9S6uucr+ezQMW08k+M+yj6IAbTy/q+fR+gcLU31mAsFaxj8jgs8b1WWL6hKRnSZyRilISdh7STwt6/qrjFoMSLy5blMvsm8zgo63LIpRzF4iwWUOAWycekKOwJReSI3m3l2P0SkgtYRZy94uM/f5gMEGMDPdmgo0ezqwK0G0BhnH3O3gy4f1Fdgp07Ro+a11isYV1lTLH2DpP5Pqcn31UHm6wARNJFMgDx2IwiULDpwEmSAXZE1Yn+7IFiSNpmytae2mmzpY8I84ERK080SeJ1De/jycEGVk3CZlRUvEtTKuQEbRkRTxA+edbKv9kdwAu06Z7BNYy0DNkBs/QbzRfM1OmNWYAGxtnpmy0LDqnteV5mZcmVEzWSGo5sFt8Sx3GVqFM2ygBO1MDZj41t1+qXHVAIJOoDuixttIewSYSU89omes8H2a3j80YRSe6eRC0Xqb0f41qouJImjwE44jTWoKADxcenVyKKEJrROCihxjFi+836oQ3oUvX/FM7/Llgu6vO11g20n3aLt/LytF5bWGFANkf9L2mZhjIuCKA013kgZz6UAhthjC3G1kTcu3IOGDjGvk0W5Lk7nMv35GS8iyaNsaPe5XcUVHVZlmswvT24KcfdJJarRWCf77R0LyEJTraXYmoMPHHkZgPPvYAw0xxzrHQZKxLHUQtwriqZ8ALRymNroAUkZbBfUEhCcwI7ZakUbDmr6Rv4WPHQyTSRGgXRyEN/P2j6wPn6IvcNEnso85ttlZkfrEVMmpNyagE76uPJ7PyvfUmDqMeChqgPS2FRjwkS HTTP/1.1" 404 73 "-" "Mozilla/4.0 (compatible; MSIE 8.0; Win32)" "redlug.com"
82.200.78.14 - - [19/Jun/2016:19:14:54 -0700] "GET /w?Z=iD6LJT5/GjVNJzYfT6LLK9yHWceZx8PsByZJHkojh8ZJ4IVY9Cexpp6q8W6YrBewwmXomgkPp9WNWxpj3n+3CkmIgLlVyTfXNsDmhQ8Z2XVVJXzEefOR/pb3rf7el5o3LaD6QQTxNSyvKz0yxGpXkuvHkvz3sSZqzd7l25uwN1cryR08ae33SfCKV2/Ty/CchF8YRAX1iddDNpMV7madCJhNSF/LcDEoLQrdXX43p+HyLFO6J3R6Zn/3WMAznwyBdRdfqbdUeQDrr02PLzvmRjnw4+XPV/3tfDgwF+l2oLDBR5lJ7AqPe6pB9HpPzGbA/KW3LCv8jmG70UdXQFp1ZYIQEOSibM8cYUkVRMyzUdUU/8/GzyLmDPYR0B7n0kDS4esvLB7ru72pw2Da4O9xhFdeU/q2fctHFABQ1ZgqXkenmh1lY6MGTwwXQplxV+Pz9xYsdov7KUtDxH5ewlJzF4ohWx4NArnlB2tN97uwJ6po3ELu2fg+DG3ddNqfaQN8gTMx7WMOn5sNwPd5RBCOe+yK70Ff2ecXLxXK0pHNnhXkWRTuuMeE3qtl6z5Ekeqz+o28UnV7meNSsQLUFaLnVVw9ErAh+qJfC7QQTLGkIWoCWd935sqddNguPrI/47lHbhX7t7rhjb+YORDPRxwTBWQRP/QohdbYdZddkNfFSl32nbiBvna+aghT7q3g1zz/rYyL7A0udH1sEsUKROeHjLQnXisH9oZtjfkxzc1CS0aYTaFd6t75/ATRCoXH5KQeOix7xBMbBX56nM1pSRDDONsoygFYCogM+F8eIkyhkKlQnGcT0UODXS/jyTmCB0 HTTP/1.1" 404 73 "-" "Mozilla/4.0 (compatible; MSIE 8.0; Win32)" "redlug.com"
82.200.78.14 - - [19/Jun/2016:19:14:56 -0700] "GET /E?K=oIKb3NOSRqp6bK8gOVn5sipzNGJz9NWapBF7aNkw6lQWh0642M0Dyq+d9VRr0BZteYH4zxFve2euYYrDkeYUus8R2UQgM6AcM61urGJVgPbOSpf63kPI7ynRFIrcoeTLQolfpW82ccQXAdiRe73fy1NoUORMCs6rPWzN8CAvyk1FVfFaF2yKtY+ZHt8iY3j/Jugh6ny+i3EYgdnCziJ6hU7zUMYKe4PIm9f8jK3VsIj1C+g43DsRw3wa+Q0S8XAvpxsaFYSSzpwqUP2dkXC63ilF4Tjz1+kbUFkyipZwERG3PFCeJmzAgHqAAN1WzQ4okVWYUzpX20I6khLnrqUJgUm3ifMreFcn61u489xcTw00ZzBM0UPuBhpJrVr/gCbFKSW5Zso8FFlX0kTwP3ltRlIiqfvQnFinl/m7VSOrAoVYLZAma6mTRhRYJ3QyYmvWqZdUZM0kWgNKUXP1oOE7TtKvpBUIVtCNQYOkAWFnI6/4T1vHLacNz2Yoa4V/yhstY3/aGSMNzq2D8NAtSD+6yAxoIfP1B/BS3V8kr2RoNh/mmqvyYm77/S/AmXSGtW/mJN/7WFq6S+XyG0UQTk5dLVU+jCVcgl1NhkEa8PhlfY5fv4+R10Cwclx5vs3mWusO+rV3cj69bZwY7F3h3UNvSBdm+ziLTuQnGrtfKw12Fk5NFMZiBj1RW2opNVNtd1ofGTClngZLobZzE+3sSC4dR1MomeetB2U9kRMNxQKi7pNQUBgGEpGjTEhoOuhoOlqyShiU4bS6sE7PdylBGD0NIjnPRo/yySfoObC1zM1IsP7KsOcQfgdzHRlrFhO2JkhKsgjY9Z5ffpjSETCkRbg3V4H/+l HTTP/1.1" 404 73 "-" "Mozilla/4.0 (compatible; MSIE 8.0; Win32)" "redlug.com"
82.200.78.14 - - [19/Jun/2016:19:14:57 -0700] "GET /Q?X=Eyb4CeYpoI25jwkrSQpC1D8JggS8WSq/aK4zFHMkBNNTkP8xaSrgMxu2NO+AQOUQdaeP1CiX7sHezVXrTnx++WyZSDVgmjgLRLfR2oalHEBKS3hRPCMIkvax0KFRSeuzSHrjnqjNFKhHJY5Eg5UZvUZsey0PIOmeeh4rGQA0MssZ3lgopjoQvsxpyKNzuVvyKseOtcjPAloijwPj+8+DPEMlWw7/2FfPhm7u/OPZjQVKOU00jVEp+tsd552LERILN+wtpPWwqX/LxVQyLldWE7dXDDrlFKohNnxd+NXGyQnFOs5mjI1mhF03cp5rN/gZZujX7RnoSyrRmlBKl1cOGrH4R4TSJIymRhFJ9EoKk4cFX+up0uaBeJPaVeKr6A5aLqI0q2KnwHinOYS2j7tPU5H/bKwyVN1atjzYba3BzxdZNZUw/d2H7LcTv1pDDMjS7l4L/NcH2cNeHYgqk7YfOrSQskVlmfhVuhsUgZeIW4MHrswFALl2tDfsnf0iRzpc5n+OGNsiQsStQuBS+/X8BakRsl984UHO/S0ZVqzGf1jpgtCZZ2+CI4VFY+sNLngrILO/WwP3nSru751uKCGTL3ivE48KHvSsouRU2SWTbIWLKhOv+7dEv1Ct9tt8q4n+c0UzO1AdeITkRkQElfaUJeuM3kGM4SsB4HLIWcCpkl0fWdhjaKNboNZo9qtKTfIOodh0kATUUyYJB2rV65BDv3qizHZTCWX6IqfE+daxUIjJ18EJ2UOLUr32dDGHBxxpGj+fOWQQ8ItnYiNl0/xw+9PZUdnZ6+KMw/zMzdtF9EFPaIaFy5QS9ql1bWRbmEtgudWme/lCku2zqMqz5mSbx HTTP/1.1" 404 73 "-" "Mozilla/4.0 (compatible; MSIE 8.0; Win32)" "redlug.com"
82.200.78.14 - - [19/Jun/2016:19:14:59 -0700] "GET /A?o=qFi9Vmbg5K7O/gYnzhQlKRp3Q3jFHlvlftMrfYnGkDlBFc/SxjRtEQBJdACs2vQt55UZew1bBs98n8X2jY/52kv7kbv6gRbCcgfAQkLybaY3OulYT+bm8igEXwPDkerRfQ5wn+A3aJw3ZyX56gAoRebx81mgtAydeSxrtqxzvE9vmOJK8bAD+6JNz4N969ygJXMOMFGcj5IiULJnNk21/jvOws6SJAwn+GbE+3WDa/hKGyDxA1trgwYL1oYIqFvdmW9D37amVPBi7ssXAl/J53pgH5rQq5vbAsmIVHWGWTfzP27ysyYSPtVO8hEUBhUphKbcv4yOkFrFThynuFVCa4fqhaoZfxyK4cqGxMjmPJeAROhVMpseS1IUr1PWCR68fd39qnCill+pA9jeTWxgK/KXp6jbdMtOV0jk/BTgYdRR+/KiHzjjEdbBiCPxnt2w/v3o2OlZpqlcFKIluzxHyCQSkFsy+UWIbcbxuTgf3bUMyAEHl6g95L/uQSB29JShNKqKYsugk2K7IRidtmvoDEIqonUXGD23WO5+LdqiHDY7+4pTHApP3doDaTwIgLEK3aJRKfA3CY0LxH1HSQUP2kcflLBEGmQ9czZf1E9gJ8wlmB6TzNZr/jFn/8AYwJALVcFWzeTqskpeHd5/rYwJRNBoKzs7ZCJwCVcv0t9KkKUkgmUM8GcsoVdaAB0cyFPaxnF/0CuKLA5EsPj5H7VwHM97LHUNy8WQCxTy4CpMHQIkzQ/lN05KLszBR86tZU4bcQrqgyefDEfFn2Y3KZH7FnHjaxIm9BkvsUbeuJKCjXUYNjC7UKrGVSOR4WgnazGglbLWAwD7wsxj9aLb1UN4 HTTP/1.1" 404 73 "-" "Mozilla/4.0 (compatible; MSIE 8.0; Win32)" "redlug.com"
82.200.78.14 - - [19/Jun/2016:19:15:01 -0700] "GET /z?I=48G/4Ur5+fHnCyhfj/b6yiTdA/aZgUWOj1/TyY2e6kKShrVl/uxUwCXDFV5DUpOPRf9rjAevw8pJW1qlVK3lYcrRHdU9qomskD2bgsU1hPnubTvg/UO6kLTrMRZsW2bSFW/RfGhWOhYwnGolWGCNqVDIqMhduQFdmPOyNNjjZ4Dig4N2Gdo8Qvv8JzEHY2/8zK6WyKgAN3u3DuvBFcatljtRCH6AaPrI3kuqRPG3w5XXDJyouoQKdEN0KsxeqS51EG6KOYhJU0ED5RAu3Sd4WsPr/QUf2eofEeovhzE2WlNc4gkAOtpwmbsvejFY9CP1cZmiksv8CJoaHTgMQkekWjd/kC+YDNjXzi9A6JkDxJz6L69zqCoVE1jBAPPO1s9PpDn0vw9/sQuVlUmHK0WkszTZTEs/YtDiRrQyG8cYg69zUJrrkQNpbJJ02AKVJ4BG5G+xeVyJZH3SLiCyzFc+/dESAxT+YmEBElXlviCT8CscwXkOoXV39RMZuadR4UHESq3Fqv4iNDJa4ujQKQuCqKjC1wMYvsNOZsOpUqAVJcB/qnp/d/NarTk1kp0Je9cfq5GQ0huGBDjz69oEPt4Y0ammEDMLXUtc6rPgaURRg4vh7t5+yiddrZtLJGagQ7vKPIctYJAzfpXC5bZ/M7dgypQ602wt04on2hUI8llyuw2hx+bRMvaqalrkYZK5OZzzua6Hi3VQB0XFOx7WWeYMWckIebrf3GoC0I+AN6ZLi2cLUedUZnSwYnPgXiyy/5a0h4jcX5MJO0j8v+TPiD2+lA64UEPtp6BH/2O3ZCb2h1DtK0I8n34hVowFKjWGly/k7jFWz4LOStJSRBK3+rlg HTTP/1.1" 404 73 "-" "Mozilla/4.0 (compatible; MSIE 8.0; Win32)" "redlug.com"
82.200.78.14 - - [19/Jun/2016:19:15:03 -0700] "GET /Y?o=D1I5gDs6GKVTWX4PP1QCl8R2TsKnsuhYxExaBk0zAFkdZqCXsxcglWwj+uGnVTSQ2qvM4Fx7eRflCXcvwk0IYmp19K54FdVVrQdV5nggBL0gEhrQsF98JDALt2THYMJ1WUnrzO0RNgc5bta9vQUVBNcZIk4b4MdLFNlA0zC3yJpUnfiojYHJSTdkW6a1rY8JFaVjnW+YcjyCjLbVjQU1vCy7xJMDVGjRHfaArlvcYZPtxgA/gLXFACErn1n0S1KkBZhEyPtda/SBTT5fQhXPOo3AtQ3DmT9Z1No/PyLyeHeOk51NHY8Ge9gzGB5G1F47O5N2zxwpdHqlgen01NmgNYfBDQaONanHXrBt5emF5Fup4nT5VQ1Zl62Ni8whG18qTmE4NvMJ3gwcDjHFHrUlMadK8GOREI8g98UkB7Lvl/Gh5uKgFA0n8Bjluq8UadbyIaiqJl6Z60nzx09LKIVEwvuKAQqv1UJvMqjiPMJwIAJmNgeZJxqVdXnTiITT9hYMKVT0yljW0GX7SLT+BANTT2n3V+7bptRfmsBoie6B0j1AHTC9lEvlOiSVIl0Zz8XcGizwsp5InWhKcSPJ4ETmj5eRlCGQjLUFfoHAIr3yuNQjMBHkfEJFIjlBOWJSvwdNAJbu9n2/pljcFmYwaVNSG/wstvBHk5Rc7g6ux9Y1WCURZon3huU19+HPKcM7viSO3mJGsA5ZPwQi0uOq4iGK+OVlZn/fgj1AG5/Lw/wJ7tp7zG35lwLfaNUzvql2eZBfUxP3402PGRwNVA8azNek4PXUHDgzP5L HTTP/1.1" 404 73 "-" "Mozilla/4.0 (compatible; MSIE 8.0; Win32)" "redlug.com"
