82.200.78.14 - - [19/Jun/2016:19:15:04 -0700] "GET /R?i=XBz8B535GIq+n6Hb7uwzYkRW5m5eMu98a0bHYZ4JwHDk4jcEtyLKxjNdZ9xxr7hX+NHB7eRyEsezwJN0XKu/0ITGyOyYgjElbPkP5wxeYNg7NNGCLxv967xP9eSLllNW/enkOsZGv+FRKgaN7rRxBDl+EI/HW3ReigyFEUOxcM8jLyalsFHdmlWm9X7cKJlTON33AHquAKZ+/lz2ynk2TRi19w4apMOVgUJpAHc6Fxu1pFici299bv9v/eXw7SKdHWJpxXNj1znP/04w9F1G0BWcIB01Px5zBqVxO1R6hy2+WhqO5HO5y6JmmtcsPIvu3XbUWo2i+4Sw46TSqI2awdOpqfOJXpCA15Gp+UVEzxO9v5ItsJwj+AMrtgMwb5bx2zZMeF8SUR1t4oA77ccn2y7OEoaXxncPFw1QXTbZAbwgVQOUbbyoM1IlKmdhrALbl/r5i4v0KvowDg5XTu6B1b9D0NObHVVnee2zQ8/geXNEVzgAFBlH4TkhlBnJyRp700QQZx2SKU660V6ZsivsNQc3tvwyOLOdn11EhM7em/cZigqoyiT3TbqUfvjQz04CDxETZ0J5XCECWK2qvAUegNXFOWKx+Mt3wiHOuaONF8Mig8o2TPZd+KF6GvUv/piQgtkfPz8IGiXZW7czRu26eDViDN76/2Jv30UQpHzAt38/Ay7Eju8kJLDVj8Im2t5LsAt7hkuPSFJYcEDi1lL98FqjuMIXUNoLZhlKcp8k/rpLixauh0A9kiv7J/xS+wabSBFF7S5sYi/mpPPnHLFGaTHp5MXUWMCV5wG85E HTTP/1.1" 404 73 "-" "Mozilla/4.0 (compatible; MSIE 8.0; Win32)" "redlug.com"
82.200.78.14 - - [19/Jun/2016:19:15:06 -0700] "GET /k?C=Qgfo2qZkT4M6p62sHiRZCU1ou0Cqe5E7I+m53GIMHaEFk1xEKa0C4ZrxhJdZ8jEG2h7lJ/9GLNRweDz1FnQxaL8kFLAnIUvNDPsqeKKCyTY51gJHAUIC5f9m79TVy/wjeuIW1DhUzRDYqY3RU2pkRNrDvVPgCwShe+ZS446kGVSJdCMm+WyIeXT09eblf4L6Oi97M2rGCVD/Bn+W73oJCPyETOEhfolvoTVH7bdZeJl/PkjQeURjh3uj7uqlU7T+KKPKqa7doZxC0bX5DtzM2DopCQF2VXSwU0OFKXQSpD+8vPM0qqYNq4sJmUrBi0XNifKkp2rGxgGVp9Cmh2F6P7nQNVH97iyMUcaFYp7dGTmQN/J7BM9QDZYUCb7FvTVIklh27Rra9QMMxq9Fu4T1to7l9ECnBBjY2VxXgNT886MLLionlor27Wfh9arZWUnqg3UyAgLzFgYmSI8KFc3P7PZ9mfjgBSu8I/fMfOXiwt0amcT4Pcp7tFwhlp8dYdyvU/lhORsCZGrs6L0F3uEgTiVeoUK7DG7ZysLCek6fixyAOKFjLxdg4y9V2tYpOVcIdcUuDAxYpQzZWutCu+64rAh/zPvzejModGmo8EhzZVbwWE/YEbPSK1hrr1tiH4m065AcCRb/v3CjlgTBMPRFa3LPHorRuAQLQFVcm898HrOBiN2QyIF8k6okq8pMR1sVomRst0gGQkBNSqXiKDPcNL1b486fESj7jXm+tR/27BXZU+01Hl+Q/GH4eUlGFk3m3k5d2ca5ktlVRZ9zCWyl9bQdP5TBYwM0X HTTP/1.1" 404 73 "-" "Mozilla/4.0 (compatible; MSIE 8.0; Win32)" "redlug.com"
82.200.78.14 - - [19/Jun/2016:19:15:07 -0700] "GET /z?M=VKmDO5cv7OSAoojWMAKpTDuBv10vz47IuOCXTuVcB56PzkxxjSohrJvyg4qMiX+DpEeaGA6p08gwedeoQdLA6XO93HI6dC1rVZ8flUWPIvmQ9xgKghE8lkoNwPn+ADRddkyZIV0cUx8Mw8bJosHRUMadHwe94vzhRNxlJr9a2jUfbImRBRuv+/Dyfq7WITYSrVgX/t966yS+E8Xf+ZMAgqbiTBz1yyPTe+3EwbKyrh/vngwWHiM0IyhaDhVOyWVzrdExd8Tq4k48x5BKjMvDYnWz+lueL0uErBdipSmZ2Kx6rfS1Ovd+f9C8DXsaeJoi7Y4A1nTOuwV259YMSW21gxXAettRMhBbAI5WyZQYR+V3au/uTz7zt0x4eAKPh4azishwxdzDYQZFkFo2hqrClUOCjp3deC94XL0D8piZJsHgOspJx0qrIeQQWzJb8CoCGUs9NYefaoVCRbUNU6o5ZWpgvgsVPuL5nPlC9ToWA1G3seST983HkOulKdtqFP1jw4askFpTUoMktXt4gBPaJkXJb4UudF1uMA1xdtom4ydGquGXawI4GvLwM9oVVr5ubHDJSBOcSMUB1UH6PJ5efVe6lp1Qu6hDQxznAMC3vxmwHDpLo3wszTMo6uvK/kpvm09CIdee0PmErdcjDvbbN5SIu76LGtXLr2nSU18bh2/YhhWr/29Eajg5C8Tc8Vr5h/839J0/W+B0nytsqHuJpF9c8iL6A8fNsslZ8tq9LW69lTM8XMOpN91BBlksUA7j5i2e0w8BzRw1ysPcPkGp1OSVqKWahSo9EbZpF8perZx6BPC1/T851anFFTZlWDBC4DYSvaaRPkIg HTTP/1.1" 404 73 "-" "Mozilla/4.0 (compatible; MSIE 8.0; Win32)" "redlug.com"
82.200.78.14 - - [19/Jun/2016:19:15:08 -0700] "GET /k?E=IxuaOGEFkdPX67KgSYp+qZ/+laQlSXhgxQUGR1xmzvBspGkxWFdMmKG/u9GOCTtSovq7/6Kmt0QmSAYpe1GGwU3Ky4ylAOawoiC2El/Xxl3BnklVhhqgDZiuAE2CnbRhIaFJ4EO853gwsWmVBoGGcXIR/vAs/xl/J/H0RKYaXkb+hFqRA0Nqv1Z01RZPyjBmXpu2qUbhfIOqybyFaCwgmYrUW6eo+XRDLlyPYUbjSBBPOnoK2zav4julREdLy6A1I/DXLXfBaQu699Sjm9MvCULQbiUDAZYEJKudt+ub0r/w2qTh5h9nWkrhocWPkg8WFqjJz/5XhjtwXhjuhkFggqJeLJbdy/HqIJpn2FSZ2SN8L3ZBOgrjjricpHUeCjLpdL1k1mKtSa1XgKvfDPtScsjlZH0b1W8dECQvHqpNVXXS379uZeuh3/sbPqexENV85sS4LWFYmovpCc0QAcJmIk6/mNvRExGEcg4vfW+/buGbq9GRfF437Q5xvWtkebtCVB3/ZtGqaeqyDbISU/xIPklf52ZME2yowmWGy8ZJoMNLKhioWKnSjFsg3rWsViU0oUQpe9P/2gCsWY43ObBpJgPghXf8ly6R3tKpNEgVIAgcnBZjT7xyyPqiiFgnbUSuK9+/ElE5s6CacetjiCTxA20NEIDInm1hYQVgBN8TQ9nmsjVw/qehwZXKZ2wZ5MOvviLFwVSgzB6C3KcfHM4c7qEoqVu59zz8BeEmej/wxO3UtX22ReoVsIUOAHJk1qM00jr604HQEKnlosGJt4Ve/RI0b5cP0po+gSgkmF5WZ6rD6GOKpXabpDTXPbajVr8+TwTLeZlqpHPfXoSZayOX HTTP/1.1" 404 73 "-" "Mozilla/4.0 (compatible; MSIE 8.0; Win32)" "redlug.com"
82.200.78.14 - - [19/Jun/2016:19:15:10 -0700] "GET /j?E=UtJMFA3A+AGoA4p8LxJVfSwNEeZC8tDQgOVEfGE/gukUG4Jk1m5STqDRuFzo9TN6cr0Svo7AHd7Vk/guvcesdtagwxZ8mqT3NuMQKuknUnlZL8UwwCzs2qg9Cf5DXicGFEYbSOoyLG11DZV/+fQb8GXE4nDR84zUo30xT7jWJyuKUEI1IQjyonbhp1TDDs5YCy2ZwCOaq2MuBdFaXUBtWRFoH3p0OSVAVRzGAbtqypnKEhultBkR/3YGJyLsGFr/iAj+W+muSpzP3CbbgzBA7NWbCoQVOvKTMB9HmiChIT193p9Xge967YzauWZ0GQDKp35WH5sOrdIUdD3pOW+mi0v2Q8impFmmM2bPLQkvinicXAON9yfeu+9kCFlbbNG+Vn53niEChdZVcoj6ATRm7y/EUOduGw1NA6wQDHC7i44w7Zi7qZLhIMPNo5ZPFza4pjqbhw9J4oNbMnachUm7jtGt2EC8BaTSnbuDp9qKp8Qs5apHDXZ25Wd6H64K+Rj0QCvAK+uo+UGmIeN5P/jY5m9kl3wGKrR0HjBi/5XO5S19IUtxTJAZ2hGYddkiBP9IY7i8MiLXmG+ERt1bO94tPXfHoNfBlLXJQiV+w84BZw0Oh6m/mxrqF2h2TlQjNLxSQux5BQarKAelFlU/ILOXPLu5qIw9VSs9ZzqJ29LK4O1cfJ7IG1o9ztdlHGi6lI9OIhkqX9szYmsLBnko6ckGJh+HCckS/a9/gRPGjXrn5/RQU7ipoBX5HRTZliAXHJPXpGK3+U5h/ct9Kf4Xa4z2O6AJnZqaCcFUhiknRdLClmB6/eUwZTcC8HIrCVTNTg3hW HTTP/1.1" 404 73 "-" "Mozilla/4.0 (compatible; MSIE 8.0; Win32)" "redlug.com"
82.200.78.14 - - [19/Jun/2016:19:15:13 -0700] "GET /t?J=y8Ouat6Sf41IxwfPNlJpNrjOc3IzvERw7Wez4eOmw669sp8FkAHUwP2lRwNDEvZ+ouIjRsqBjXgP4/u+GvO9enBsx5aqjel2yVXAFvnzAPsvRGv1Uy/Hjx7Xmg2hXkrx0CC4U8X/fZr1QErs9rMBegSUuw73KBmR/pbmJZtnRMtxztSX6RzpUOciXIi9zYmDKn1zsXyixVGol/gv2FTTUiPj/3N7v2iOEAoT+BTh6WJQy5yQSMf0bNhOPDymf7Z9u3xiaHywEKr38e36zuSMk/CGRnvRLEQ/im5c/s31UbIAKGlrHxAw1e/3tCvzoov4M8NeQul3gN4M0ZaCJiXP01xDvgAJIsYs69j7M9E4DN3L2c4KhpvNMI1X2gn5T5fsa HTTP/1.1" 404 73 "-" "Mozilla/4.0 (compatible; MSIE 8.0; Win32)" "redlug.com"
157.55.39.58 - - [19/Jun/2016:19:15:17 -0700] "GET /LabHist/1911Linen.htm HTTP/1.1" 200 2583 "-" "Mozilla/5.0 (compatible; bingbot/2.0; +http://www.bing.com/bingbot.htm)" "redlug.com"
149.156.96.164 - - [19/Jun/2016:19:17:16 -0700] "GET /logs/access_160619.log HTTP/1.1" 200 1076459 "-" "Wget/1.17.1 (linux-gnu)" "redlug.com"
31.184.238.202 - - [19/Jun/2016:19:19:35 -0700] "GET /logs/access.log HTTP/1.1" 200 54754 "http://jmozyprexa.forumcircle.com" "Mozilla/5.0 (Windows NT 6.1; WOW64; rv:27.0) Gecko/20100101 Firefox/27.0" "redlug.com"
180.76.15.156 - - [19/Jun/2016:19:20:01 -0700] "GET /paperarticles/Nov02-FBU.htm HTTP/1.1" 200 1957 "-" "Mozilla/5.0 (compatible; Baiduspider/2.0; +http://www.baidu.com/search/spider.html)" "www.redlug.com"
31.184.238.202 - - [19/Jun/2016:19:21:46 -0700] "GET /logs/access.log HTTP/1.1" 200 55175 "http://lanyrd.com/profile/mengbuzhi4062840-1096/bio/" "Mozilla/5.0 (Windows NT 6.1; WOW64) AppleWebKit/537.36 (KHTML, like Gecko) Chrome/32.0.1700.102 Safari/537.36" "redlug.com"
37.25.118.242 - - [19/Jun/2016:19:22:09 -0700] "GET /logs/access_130930.log HTTP/1.1" 404 73 "http://tamoxifende.logdown.com/" "Opera/9.80 (Windows NT 5.1) Presto/2.12.388 Version/12.11" "redlug.com"
37.25.118.242 - - [19/Jun/2016:19:22:09 -0700] "GET /logs/access_130930.log HTTP/1.1" 404 73 "http://tamoxifende.logdown.com/" "Mozilla/5.0 (Windows NT 6.1) AppleWebKit/534.57.2 (KHTML, like Gecko) Version/5.1.7 Safari/534.57.2" "redlug.com"
37.25.118.242 - - [19/Jun/2016:19:22:10 -0700] "GET /access_130930.log HTTP/1.1" 404 73 "http://tamoxifende.logdown.com/" "Mozilla/5.0 (Windows NT 6.1) AppleWebKit/534.57.2 (KHTML, like Gecko) Version/5.1.7 Safari/534.57.2" "redlug.com"
37.25.118.242 - - [19/Jun/2016:19:22:10 -0700] "GET /logs/access_130930.log HTTP/1.1" 404 73 "http://tamoxifende.logdown.com/" "Mozilla/5.0 (compatible; MSIE 9.0; Windows NT 6.1; WOW64; Trident/5.0)" "redlug.com"
37.25.118.242 - - [19/Jun/2016:19:22:11 -0700] "GET /access_130930.log HTTP/1.1" 404 73 "http://tamoxifende.logdown.com/" "Mozilla/5.0 (compatible; MSIE 9.0; Windows NT 6.1; WOW64; Trident/5.0)" "redlug.com"
37.25.118.242 - - [19/Jun/2016:19:22:11 -0700] "GET /logs/access_130930.log HTTP/1.1" 404 73 "http://tamoxifende.logdown.com/" "Mozilla/4.0 (compatible; MSIE 8.0; Windows NT 5.1; Trident/4.0; MRA 6.0 (build 5993); MRA 8.0 (build 5784); InfoPath.2)" "redlug.com"
37.25.118.242 - - [19/Jun/2016:19:22:11 -0700] "GET /access_130930.log HTTP/1.1" 404 73 "http://tamoxifende.logdown.com/" "Mozilla/4.0 (compatible; MSIE 8.0; Windows NT 5.1; Trident/4.0; MRA 6.0 (build 5993); MRA 8.0 (build 5784); InfoPath.2)" "redlug.com"
138.44.129.30 - - [19/Jun/2016:19:23:13 -0700] "GET /Documents/Ali.htm HTTP/1.1" 200 8452 "https://www.google.com.au/" "Mozilla/5.0 (Macintosh; Intel Mac OS X 10_10_4) AppleWebKit/537.36 (KHTML, like Gecko) Chrome/47.0.2526.80 Safari/537.36" "redlug.com"
138.44.129.30 - - [19/Jun/2016:19:23:14 -0700] "GET /cwi.css HTTP/1.1" 404 88 "http://redlug.com/Documents/Ali.htm" "Mozilla/5.0 (Macintosh; Intel Mac OS X 10_10_4) AppleWebKit/537.36 (KHTML, like Gecko) Chrome/47.0.2526.80 Safari/537.36" "redlug.com"
104.247.7.122 - - [19/Jun/2016:19:28:27 -0700] "GET /logs/access.log HTTP/1.1" 200 27190 "http://redlug.com/" "Mozilla/5.0 (Macintosh; Intel Mac OS X 10_10_1) AppleWebKit/537.36 (KHTML, like Gecko) Chrome/39.0.2171.95 Safari/537.36" "redlug.com"
31.184.238.202 - - [19/Jun/2016:19:31:00 -0700] "GET /logs/access.log HTTP/1.1" 200 57817 "http://9ilclobetasol.over-blog.com/2014/04/purchase-clobetasol-online.html" "Mozilla/5.0 (Windows NT 6.1) AppleWebKit/537.36 (KHTML, like Gecko) Chrome/30.0.1599.13014 YaBrowser/13.12.1599.13014 Safari/537.36" "redlug.com"
31.184.238.202 - - [19/Jun/2016:19:33:13 -0700] "GET /logs/access.log HTTP/1.1" 200 58131 "http://www.theknot.com/wedding/vardenafil-order" "Mozilla/5.0 (Windows NT 6.2; WOW64; rv:27.0) Gecko/20100101 Firefox/27.0" "redlug.com"
51.255.65.29 - - [19/Jun/2016:19:39:31 -0700] "GET /ClareNews.htm HTTP/1.1" 404 88 "-" "Mozilla/5.0 (compatible; AhrefsBot/5.1; +http://ahrefs.com/robot/)" "redlug.com"
125.60.246.130 - - [19/Jun/2016:19:42:13 -0700] "GET / HTTP/1.1" 200 1272 "http://fix-website-errors.com/try.php?u=http://redlug.com" "Mozilla/5.0 (Windows NT 6.1; WOW64) AppleWebKit/537.36 (KHTML, like Gecko) Chrome/36.0.1985.143 Safari/537.36" "redlug.com"
31.184.238.202 - - [19/Jun/2016:19:42:31 -0700] "GET /logs/access.log HTTP/1.1" 200 58787 "http://thioridazine-25mg-buy-cheap.tumblr.com" "Mozilla/5.0 (Windows NT 5.1) AppleWebKit/537.36 (KHTML, like Gecko) Chrome/32.0.1700.107 Safari/537.36" "redlug.com"
89.187.145.139 - - [19/Jun/2016:19:42:42 -0700] "GET /logs/access.log HTTP/1.1" 200 59043 "-" "-" "redlug.com"
31.184.238.202 - - [19/Jun/2016:19:44:39 -0700] "GET /logs/access.log HTTP/1.1" 200 59154 "http://www.theknot.com/wedding/clobetasol-and-price" "Mozilla/5.0 (Windows NT 6.1; WOW64) AppleWebKit/537.36 (KHTML, like Gecko) Chrome/33.0.1750.117 Safari/537.36" "redlug.com"
37.25.118.242 - - [19/Jun/2016:19:47:27 -0700] "GET /logs/access_130930.log HTTP/1.1" 404 73 "http://onlingetmeds.tumblr.com/" "Mozilla/5.0 (Windows NT 6.1; rv:14.0) Gecko/20100101 Firefox/14.0.1" "redlug.com"
37.25.118.242 - - [19/Jun/2016:19:47:27 -0700] "GET /logs/access_130930.log HTTP/1.1" 404 73 "http://onlingetmeds.tumblr.com/" "Opera/9.80 (Windows NT 6.1; MRA 6.0 (build 5970)) Presto/2.12.388 Version/12.10" "redlug.com"
37.25.118.242 - - [19/Jun/2016:19:47:28 -0700] "GET /access_130930.log HTTP/1.1" 404 73 "http://onlingetmeds.tumblr.com/" "Opera/9.80 (Windows NT 6.1; MRA 6.0 (build 5970)) Presto/2.12.388 Version/12.10" "redlug.com"
37.25.118.242 - - [19/Jun/2016:19:47:28 -0700] "GET /logs/access_130930.log HTTP/1.1" 404 73 "http://onlingetmeds.tumblr.com/" "Mozilla/5.0 (Windows NT 6.1; WOW64) AppleWebKit/537.4 (KHTML, like Gecko) Chrome/22.0.1229.96 Safari/537.4" "redlug.com"
37.25.118.242 - - [19/Jun/2016:19:47:29 -0700] "GET /access_130930.log HTTP/1.1" 404 73 "http://onlingetmeds.tumblr.com/" "Mozilla/5.0 (Windows NT 6.1; WOW64) AppleWebKit/537.4 (KHTML, like Gecko) Chrome/22.0.1229.96 Safari/537.4" "redlug.com"
37.25.118.242 - - [19/Jun/2016:19:47:29 -0700] "GET /logs/access_130930.log HTTP/1.1" 404 73 "http://onlingetmeds.tumblr.com/" "Opera/9.80 (Windows NT 5.1; U; MRA 6.0 (build 5970); ru) Presto/2.7.62 Version/11.00" "redlug.com"
37.25.118.242 - - [19/Jun/2016:19:47:29 -0700] "GET /access_130930.log HTTP/1.1" 404 73 "http://onlingetmeds.tumblr.com/" "Opera/9.80 (Windows NT 5.1; U; MRA 6.0 (build 5970); ru) Presto/2.7.62 Version/11.00" "redlug.com"
208.80.194.123 - - [19/Jun/2016:19:49:24 -0700] "GET / HTTP/1.1" 200 9589 "-" "Mozilla/5.0 (Windows NT 5.1) AppleWebKit/535.7 (KHTML, like Gecko) Chrome/16.0.912.63 Safari/535.7" "redlug.com"
77.27.21.64 - - [19/Jun/2016:19:53:10 -0700] "GET /logs/access.log HTTP/1.1" 200 61206 "-" "Mozilla/5.0 (X11; Linux x86_64; rv:2.0b8pre) Gecko/20101011 Firefox/4.0b8pre" "redlug.com"
31.184.238.202 - - [19/Jun/2016:19:53:50 -0700] "GET /logs/access.log HTTP/1.1" 200 61389 "http://buyesomeprazole20mg.over-blog.com/2014/04/order-esomeprazole-cheap-esomeprazole-baltimore.html" "Mozilla/5.0 (Windows NT 6.1; WOW64) AppleWebKit/537.36 (KHTML, like Gecko) Chrome/33.0.1750.117 Safari/537.36" "redlug.com"
31.184.238.202 - - [19/Jun/2016:19:56:04 -0700] "GET /logs/access.log HTTP/1.1" 200 61708 "http://gravatar.com/locamamepacel" "Mozilla/5.0 (Windows NT 6.2; WOW64) AppleWebKit/537.36 (KHTML, like Gecko) Chrome/32.0.1700.76 Safari/537.36" "redlug.com"
31.184.238.202 - - [19/Jun/2016:20:05:21 -0700] "GET /logs/access.log HTTP/1.1" 200 61958 "http://mmpropranolol80mg.forumcircle.com" "Mozilla/5.0 (Windows NT 6.3; WOW64; rv:27.0) Gecko/20100101 Firefox/27.0" "redlug.com"
31.184.238.202 - - [19/Jun/2016:20:07:33 -0700] "GET /logs/access.log HTTP/1.1" 200 62179 "http://lanyrd.com/profile/mouzhi67206ou-1290/bio/" "Mozilla/5.0 (Windows NT 6.1; WOW64) AppleWebKit/537.36 (KHTML, like Gecko) Chrome/33.0.1750.117 Safari/537.36 OPR/20.0.1387.64" "redlug.com"
37.25.118.242 - - [19/Jun/2016:20:12:04 -0700] "GET /logs/access_130930.log HTTP/1.1" 404 73 "http://tamoxifenkaufen.aircus.com/" "Mozilla/5.0 (compatible; MSIE 9.0; Windows NT 6.1; Trident/5.0)" "redlug.com"
37.25.118.242 - - [19/Jun/2016:20:12:05 -0700] "GET /logs/access_130930.log HTTP/1.1" 404 73 "http://tamoxifenkaufen.aircus.com/" "Mozilla/5.0 (Windows; U; Windows NT 6.1; en-US) AppleWebKit/533.4 (KHTML, like Gecko) Iron/5.0.381.0 Chrome/5.0.381 Safari/533.4" "redlug.com"
37.25.118.242 - - [19/Jun/2016:20:12:05 -0700] "GET /access_130930.log HTTP/1.1" 404 73 "http://tamoxifenkaufen.aircus.com/" "Mozilla/5.0 (Windows; U; Windows NT 6.1; en-US) AppleWebKit/533.4 (KHTML, like Gecko) Iron/5.0.381.0 Chrome/5.0.381 Safari/533.4" "redlug.com"
37.25.118.242 - - [19/Jun/2016:20:12:05 -0700] "GET /logs/access_130930.log HTTP/1.1" 404 73 "http://tamoxifenkaufen.aircus.com/" "Mozilla/5.0 (Windows NT 6.1; rv:9.0.1) Gecko/20100101 Firefox/9.0.1" "redlug.com"
37.25.118.242 - - [19/Jun/2016:20:12:05 -0700] "GET /access_130930.log HTTP/1.1" 404 73 "http://tamoxifenkaufen.aircus.com/" "Mozilla/5.0 (Windows NT 6.1; rv:9.0.1) Gecko/20100101 Firefox/9.0.1" "redlug.com"
37.25.118.242 - - [19/Jun/2016:20:12:06 -0700] "GET /logs/access_130930.log HTTP/1.1" 404 73 "http://tamoxifenkaufen.aircus.com/" "Mozilla/5.0 (Windows NT 5.1) AppleWebKit/535.2 (KHTML, like Gecko) Chrome/15.0.874.121 Safari/535.2" "redlug.com"
37.25.118.242 - - [19/Jun/2016:20:12:07 -0700] "GET /access_130930.log HTTP/1.1" 404 73 "http://tamoxifenkaufen.aircus.com/" "Mozilla/5.0 (Windows NT 5.1) AppleWebKit/535.2 (KHTML, like Gecko) Chrome/15.0.874.121 Safari/535.2" "redlug.com"
65.55.210.10 - - [19/Jun/2016:20:16:30 -0700] "GET /cwi.css HTTP/1.1" 404 88 "http://redlug.com/LabHist/1911Linen.htm" "Mozilla/5.0 (Windows NT 6.1; WOW64) AppleWebKit/534+ (KHTML, like Gecko) BingPreview/1.0b" "redlug.com"
31.184.238.202 - - [19/Jun/2016:20:16:56 -0700] "GET /logs/access.log HTTP/1.1" 200 64345 "http://gravatar.com/orderglucotrol247" "Mozilla/5.0 (Windows NT 6.1; WOW64) AppleWebKit/537.36 (KHTML, like Gecko) Chrome/33.0.1750.146 Safari/537.36" "redlug.com"
31.184.238.202 - - [19/Jun/2016:20:19:14 -0700] "GET /logs/access.log HTTP/1.1" 200 64600 "http://gravatar.com/orderorlistat60mgonline2015" "Mozilla/5.0 (Windows NT 5.1) AppleWebKit/537.36 (KHTML, like Gecko) Chrome/32.0.1700.76 Safari/537.36" "redlug.com"
31.184.238.202 - - [19/Jun/2016:20:28:40 -0700] "GET /logs/access.log HTTP/1.1" 200 64857 "http://metforminvq.over-blog.com/2014/04/metformin-buy-online-metformin-and-metformin-purchase-online.html" "Mozilla/5.0 (Windows NT 5.1; rv:27.0) Gecko/20100101 Firefox/27.0" "redlug.com"
141.8.143.219 - - [19/Jun/2016:20:29:45 -0700] "GET /logs/access_151105.log HTTP/1.1" 200 985399 "-" "Mozilla/5.0 (compatible; YandexBot/3.0; +http://yandex.com/bots)" "redlug.com"
31.184.238.202 - - [19/Jun/2016:20:30:55 -0700] "GET /logs/access.log HTTP/1.1" 200 65318 "http://addamiloride5mg.forumcircle.com" "Mozilla/5.0 (Windows NT 6.1; WOW64) AppleWebKit/537.36 (KHTML, like Gecko) Chrome/32.0.1700.102 Safari/537.36" "redlug.com"
179.61.166.237 - - [19/Jun/2016:20:33:14 -0700] "GET /logs/access.log HTTP/1.1" 200 28473 "http://redlug.com/" "Mozilla/5.0 (Macintosh; Intel Mac OS X 10_10_1) AppleWebKit/537.36 (KHTML, like Gecko) Chrome/39.0.2171.95 Safari/537.36" "redlug.com"
37.25.118.242 - - [19/Jun/2016:20:35:18 -0700] "GET /logs/access_130930.log HTTP/1.1" 404 73 "http://cephalexin.forumcircle.com/portal.php" "Opera/9.80 (Windows NT 6.1; U; ru) Presto/2.10.229 Version/11.61" "redlug.com"
37.25.118.242 - - [19/Jun/2016:20:35:19 -0700] "GET /logs/access_130930.log HTTP/1.1" 404 73 "http://cephalexin.forumcircle.com/portal.php" "Mozilla/5.0 (Windows NT 6.0) AppleWebKit/537.1 (KHTML, like Gecko) Chrome/21.0.1180.89 Safari/537.1" "redlug.com"
37.25.118.242 - - [19/Jun/2016:20:35:20 -0700] "GET /logs/access_130930.log HTTP/1.1" 404 73 "http://cephalexin.forumcircle.com/portal.php" "Opera/9.80 (Windows NT 6.1; Win64; x64; Edition Yx) Presto/2.12.388 Version/12.10" "redlug.com"
5.255.250.90 - - [19/Jun/2016:20:39:27 -0700] "GET /logs/access_150225.log HTTP/1.1" 200 3103024 "-" "Mozilla/5.0 (compatible; YandexBot/3.0; +http://yandex.com/bots)" "redlug.com"
31.184.238.202 - - [19/Jun/2016:20:40:19 -0700] "GET /logs/access.log HTTP/1.1" 200 66714 "http://www.theknot.com/wedding/online-amlodipine" "Mozilla/5.0 (Windows NT 6.1; WOW64) AppleWebKit/537.36 (KHTML, like Gecko) Chrome/33.0.1750.146 Safari/537.36" "redlug.com"
51.255.65.2 - - [19/Jun/2016:20:40:45 -0700] "GET /cwi/VenCWI0406.htm HTTP/1.1" 200 31691 "-" "Mozilla/5.0 (compatible; AhrefsBot/5.1; +http://ahrefs.com/robot/)" "www.redlug.com"
31.184.238.202 - - [19/Jun/2016:20:42:36 -0700] "GET /logs/access.log HTTP/1.1" 200 67160 "http://www.purevolume.com/orderdiscountledipasvir" "Mozilla/5.0 (Windows NT 6.1; WOW64) AppleWebKit/537.36 (KHTML, like Gecko) Chrome/33.0.1750.117 Safari/537.36 OPR/20.0.1387.64" "redlug.com"
157.55.39.104 - - [19/Jun/2016:20:46:15 -0700] "GET /Documents/PunkUSA.htm HTTP/1.1" 200 5939 "-" "Mozilla/5.0 (compatible; bingbot/2.0; +http://www.bing.com/bingbot.htm)" "redlug.com"
157.55.39.104 - - [19/Jun/2016:20:46:15 -0700] "GET /Socialist/06/?M=A HTTP/1.1" 200 1130 "-" "Mozilla/5.0 (compatible; bingbot/2.0; +http://www.bing.com/bingbot.htm)" "redlug.com"
144.76.71.83 - - [19/Jun/2016:20:46:15 -0700] "GET /Assorted/PilgerReview.htm HTTP/1.1" 200 6167 "-" "Mozilla/5.0 (Macintosh; Intel Mac OS X 107) AppleWebKit/534.48.3 (KHTML like Gecko) Version/5.1 Safari/534.48.3" "redlug.com"
188.40.112.210 - - [19/Jun/2016:20:46:15 -0700] "GET /cwi/PerRev100.htm HTTP/1.1" 200 18970 "-" "Mozilla/5.0 (Windows NT 6.2; rv:21.0) Gecko/20130326 Firefox/21.0" "redlug.com"
188.40.112.210 - - [19/Jun/2016:20:46:29 -0700] "GET /cwi/PerRev100.htm HTTP/1.1" 200 18970 "-" "Mozilla/5.0 (Windows NT 6.0; WOW64) AppleWebKit/534.24 (KHTML, like Gecko) Chrome/11.0.696.34 Safari/534.24" "redlug.com"
144.76.153.198 - - [19/Jun/2016:20:46:44 -0700] "GET /cwi/PerRev100.htm HTTP/1.1" 200 18970 "-" "Mozilla/5.0 (Macintosh; Intel Mac OS X 1084) AppleWebKit/536.28.10 (KHTML like Gecko) Version/6.0.3 Safari/536.28.10" "redlug.com"
5.255.250.94 - - [19/Jun/2016:20:46:55 -0700] "GET /logs/access_141203.log HTTP/1.1" 200 2589854 "-" "Mozilla/5.0 (compatible; YandexBot/3.0; +http://yandex.com/bots)" "redlug.com"
180.76.15.161 - - [19/Jun/2016:20:49:41 -0700] "GET /logs/access_160429.log HTTP/1.1" 200 1157738 "-" "Mozilla/5.0 (compatible; Baiduspider/2.0; +http://www.baidu.com/search/spider.html)" "www.redlug.com"
180.76.15.18 - - [19/Jun/2016:20:49:44 -0700] "GET /logs/access_160429.log HTTP/1.1" 200 4102492 "-" "Mozilla/5.0 (compatible; Baiduspider/2.0; +http://www.baidu.com/search/spider.html)" "www.redlug.com"
31.184.238.202 - - [19/Jun/2016:20:51:52 -0700] "GET /logs/access.log HTTP/1.1" 200 69252 "http://gravatar.com/lamotrigine25mggw" "Mozilla/5.0 (Windows NT 6.1; WOW64) AppleWebKit/537.36 (KHTML, like Gecko) Chrome/32.0.1700.107 Safari/537.36" "redlug.com"
5.255.250.90 - - [19/Jun/2016:20:53:45 -0700] "GET /logs/access_140919.log HTTP/1.1" 200 3347216 "-" "Mozilla/5.0 (compatible; YandexBot/3.0; +http://yandex.com/bots)" "redlug.com"
31.184.238.202 - - [19/Jun/2016:20:54:06 -0700] "GET /logs/access.log HTTP/1.1" 200 69688 "http://lanyrd.com/profile/ordermometasone5mgonline/bio/" "Mozilla/5.0 (Windows NT 6.1; WOW64) AppleWebKit/537.36 (KHTML, like Gecko) Chrome/33.0.1750.117 Safari/537.36 OPR/20.0.1387.64" "redlug.com"
77.27.21.64 - - [19/Jun/2016:20:54:43 -0700] "GET /logs/access.log HTTP/1.1" 200 69978 "-" "Mozilla/5.0 (X11; Linux x86_64; rv:2.0b8pre) Gecko/20101011 Firefox/4.0b8pre" "redlug.com"
122.167.181.2 - - [19/Jun/2016:20:56:29 -0700] "GET /wp-login.php HTTP/1.1" 404 73 "-" "Mozilla/5.0 (Windows NT 6.1; WOW64; rv:40.0) Gecko/20100101 Firefox/40.1" "redlug.com"
185.154.12.101 - - [19/Jun/2016:20:57:18 -0700] "GET /logs/access.log HTTP/1.1" 200 70336 "http://goodbody24.ru/" "Mozilla/5.0 (Windows NT 6.3; WOW64; rv:43.0) Gecko/20100101 Firefox/43.0" "redlug.com"
185.154.12.101 - - [19/Jun/2016:20:57:22 -0700] "GET /logs/access.log HTTP/1.1" 200 70538 "http://goodbody24.ru/" "Mozilla/5.0 (Windows NT 10.0; WOW64) AppleWebKit/537.36 (KHTML, like Gecko) Chrome/48.0.2564.97 Safari/537.36" "redlug.com"
185.154.12.101 - - [19/Jun/2016:20:57:22 -0700] "GET /logs/access.log HTTP/1.1" 200 70538 "http://goodbody24.ru/" "Mozilla/5.0 (Windows NT 10.0; WOW64) AppleWebKit/537.36 (KHTML, like Gecko) Chrome/48.0.2564.116 Safari/537.36" "redlug.com"
185.154.12.101 - - [19/Jun/2016:20:57:23 -0700] "GET /logs/access.log HTTP/1.1" 200 71017 "http://goodbody24.ru/" "Mozilla/5.0 (Windows NT 6.1; WOW64) AppleWebKit/537.36 (KHTML, like Gecko) Chrome/47.0.2526.111 YaBrowser/16.2.0.3539 Safari/537.36" "redlug.com"
37.25.118.242 - - [19/Jun/2016:20:59:21 -0700] "GET /logs/access_130930.log HTTP/1.1" 404 73 "http://tamoxifende.logdown.com/" "Mozilla/5.0 (Windows NT 6.2; WOW64; rv:16.0) Gecko/20100101 Firefox/16.0" "redlug.com"
37.25.118.242 - - [19/Jun/2016:20:59:21 -0700] "GET /logs/access_130930.log HTTP/1.1" 404 73 "http://tamoxifende.logdown.com/" "Mozilla/5.0 (Windows NT 5.1) AppleWebKit/536.11 (KHTML, like Gecko) Chrome/20.0.1132.57 Safari/536.11" "redlug.com"
37.25.118.242 - - [19/Jun/2016:20:59:21 -0700] "GET /access_130930.log HTTP/1.1" 404 73 "http://tamoxifende.logdown.com/" "Mozilla/5.0 (Windows NT 5.1) AppleWebKit/536.11 (KHTML, like Gecko) Chrome/20.0.1132.57 Safari/536.11" "redlug.com"
37.25.118.242 - - [19/Jun/2016:20:59:22 -0700] "GET /logs/access_130930.log HTTP/1.1" 404 73 "http://tamoxifende.logdown.com/" "Mozilla/5.0 (Windows NT 5.1; rv:7.0.1) Gecko/20100101 Firefox/7.0.1" "redlug.com"
37.25.118.242 - - [19/Jun/2016:20:59:22 -0700] "GET /access_130930.log HTTP/1.1" 404 73 "http://tamoxifende.logdown.com/" "Mozilla/5.0 (Windows NT 5.1; rv:7.0.1) Gecko/20100101 Firefox/7.0.1" "redlug.com"
37.25.118.242 - - [19/Jun/2016:20:59:22 -0700] "GET /logs/access_130930.log HTTP/1.1" 404 73 "http://tamoxifende.logdown.com/" "Mozilla/5.0 (Windows NT 5.1) AppleWebKit/535.19 (KHTML, like Gecko) Chrome/18.0.1025.1634 Safari/535.19 YE" "redlug.com"
37.25.118.242 - - [19/Jun/2016:20:59:23 -0700] "GET /access_130930.log HTTP/1.1" 404 73 "http://tamoxifende.logdown.com/" "Mozilla/5.0 (Windows NT 5.1) AppleWebKit/535.19 (KHTML, like Gecko) Chrome/18.0.1025.1634 Safari/535.19 YE" "redlug.com"
79.136.65.146 - - [19/Jun/2016:21:00:54 -0700] "GET /logs/access_140901.log HTTP/1.1" 200 287359 "http://cialiswithoutadoctorprescription.org" "Mozilla/5.0 (Windows NT 6.3; WOW64) AppleWebKit/537.36 (KHTML, like Gecko) Chrome/48.0.2564.116 Safari/537.36" "redlug.com"
5.255.250.90 - - [19/Jun/2016:21:02:44 -0700] "GET /logs/access_150320.log HTTP/1.1" 200 2968014 "-" "Mozilla/5.0 (compatible; YandexBot/3.0; +http://yandex.com/bots)" "redlug.com"
31.184.238.202 - - [19/Jun/2016:21:03:25 -0700] "GET /logs/access.log HTTP/1.1" 200 73333 "http://lanyrd.com/profile/muyuan73652sv-3631/bio/" "Mozilla/5.0 (Windows NT 5.1; rv:26.0) Gecko/20100101 Firefox/26.0" "redlug.com"
31.184.238.202 - - [19/Jun/2016:21:05:41 -0700] "GET /logs/access.log HTTP/1.1" 200 73556 "http://gravatar.com/orderperindoprilonlinefastshipping" "Mozilla/5.0 (Windows NT 6.1; WOW64) AppleWebKit/537.36 (KHTML, like Gecko) Chrome/32.0.1700.107 Safari/537.36" "redlug.com"
31.184.238.202 - - [19/Jun/2016:21:14:49 -0700] "GET /logs/access.log HTTP/1.1" 200 73828 "http://kqpentoxifylline.forumcircle.com" "Mozilla/5.0 (Windows NT 6.1; WOW64) AppleWebKit/537.36 (KHTML, like Gecko) Chrome/33.0.1750.146 Safari/537.36" "redlug.com"
31.184.238.202 - - [19/Jun/2016:21:16:57 -0700] "GET /logs/access.log HTTP/1.1" 200 74085 "http://www.purevolume.com/ordercalcitriolsafely" "Mozilla/5.0 (Windows NT 6.1) AppleWebKit/537.36 (KHTML, like Gecko) Chrome/32.0.1700.102 Safari/537.36" "redlug.com"
141.8.143.147 - - [19/Jun/2016:21:17:19 -0700] "GET /logs/access_141223.log HTTP/1.1" 200 599114 "-" "Mozilla/5.0 (compatible; YandexBot/3.0; +http://yandex.com/bots)" "redlug.com"
5.255.250.90 - - [19/Jun/2016:21:18:34 -0700] "GET /logs/access_141223.log HTTP/1.1" 200 2047688 "-" "Mozilla/5.0 (compatible; YandexBot/3.0; +http://yandex.com/bots)" "redlug.com"
23.89.12.108 - - [19/Jun/2016:21:20:57 -0700] "GET /logs/access.log HTTP/1.1" 200 29672 "http://redlug.com/" "Mozilla/5.0 (Macintosh; Intel Mac OS X 10_10_1) AppleWebKit/537.36 (KHTML, like Gecko) Chrome/39.0.2171.95 Safari/537.36" "redlug.com"
37.25.118.242 - - [19/Jun/2016:21:23:26 -0700] "GET /logs/access_130930.log HTTP/1.1" 404 73 "http://cephalexin.forumcircle.com/portal.php" "Opera/9.80 (Windows NT 6.1) Presto/2.12.388 Version/12.11" "redlug.com"
37.25.118.242 - - [19/Jun/2016:21:23:26 -0700] "GET /logs/access_130930.log HTTP/1.1" 404 73 "http://cephalexin.forumcircle.com/portal.php" "Mozilla/4.0 (compatible; MSIE 8.0; Windows NT 5.1; Trident/4.0; GTB7.4; MRA 6.0 (build 6005); User-agent: Mozilla/4.0 (compatible; MSIE 6.0; Windows NT 5.1; SV1); .NET CLR 1.1.4322; .NET CLR 2.0.50727; .NET CLR 3.0.4506.2152; .NET CLR 3.5.30729; InfoPath.1; .NET4.0C; .NET4.0E; MRIE8PACK 2.0.1)" "redlug.com"
37.25.118.242 - - [19/Jun/2016:21:23:27 -0700] "GET /access_130930.log HTTP/1.1" 404 73 "http://cephalexin.forumcircle.com/portal.php" "Mozilla/4.0 (compatible; MSIE 8.0; Windows NT 5.1; Trident/4.0; GTB7.4; MRA 6.0 (build 6005); User-agent: Mozilla/4.0 (compatible; MSIE 6.0; Windows NT 5.1; SV1); .NET CLR 1.1.4322; .NET CLR 2.0.50727; .NET CLR 3.0.4506.2152; .NET CLR 3.5.30729; InfoPath.1; .NET4.0C; .NET4.0E; MRIE8PACK 2.0.1)" "redlug.com"
37.25.118.242 - - [19/Jun/2016:21:23:28 -0700] "GET /logs/access_130930.log HTTP/1.1" 404 73 "http://cephalexin.forumcircle.com/portal.php" "Opera/9.80 (Windows NT 6.1; WOW64; U; MRA 8.0 (build 5880); ru) Presto/2.10.289 Version/12.02" "redlug.com"
37.25.118.242 - - [19/Jun/2016:21:23:28 -0700] "GET /access_130930.log HTTP/1.1" 404 73 "http://cephalexin.forumcircle.com/portal.php" "Opera/9.80 (Windows NT 6.1; WOW64; U; MRA 8.0 (build 5880); ru) Presto/2.10.289 Version/12.02" "redlug.com"
37.25.118.242 - - [19/Jun/2016:21:23:28 -0700] "GET /logs/access_130930.log HTTP/1.1" 404 73 "http://cephalexin.forumcircle.com/portal.php" "Mozilla/5.0 (Windows NT 6.1; WOW64; rv:10.0.2) Gecko/20100101 Firefox/10.0.2" "redlug.com"
37.25.118.242 - - [19/Jun/2016:21:23:29 -0700] "GET /access_130930.log HTTP/1.1" 404 73 "http://cephalexin.forumcircle.com/portal.php" "Mozilla/5.0 (Windows NT 6.1; WOW64; rv:10.0.2) Gecko/20100101 Firefox/10.0.2" "redlug.com"
141.8.143.147 - - [19/Jun/2016:21:23:40 -0700] "GET /logs/access_141018.log HTTP/1.1" 200 591018 "-" "Mozilla/5.0 (compatible; YandexBot/3.0; +http://yandex.com/bots)" "redlug.com"
141.8.143.219 - - [19/Jun/2016:21:24:56 -0700] "GET /logs/access_141018.log HTTP/1.1" 200 2257211 "-" "Mozilla/5.0 (compatible; YandexBot/3.0; +http://yandex.com/bots)" "redlug.com"
31.184.238.202 - - [19/Jun/2016:21:26:09 -0700] "GET /logs/access.log HTTP/1.1" 200 77373 "http://gravatar.com/critconnatabconsce" "Mozilla/5.0 (Windows NT 6.2; WOW64; rv:27.0) Gecko/20100101 Firefox/27.0" "redlug.com"
31.184.238.202 - - [19/Jun/2016:21:28:14 -0700] "GET /logs/access.log HTTP/1.1" 200 77592 "http://hydroxyurea-500mg-buy-online.tumblr.com" "Mozilla/5.0 (Windows NT 6.1; rv:27.0) Gecko/20100101 Firefox/27.0" "redlug.com"
141.8.143.147 - - [19/Jun/2016:21:29:11 -0700] "GET /LabHist/Spanishmaterial.doc HTTP/1.1" 200 193536 "-" "Mozilla/5.0 (compatible; YandexBot/3.0; +http://yandex.com/bots)" "redlug.com"
5.255.250.90 - - [19/Jun/2016:21:36:27 -0700] "GET /logs/access_140921.log HTTP/1.1" 200 30746 "-" "Mozilla/5.0 (compatible; YandexBot/3.0; +http://yandex.com/bots)" "redlug.com"
31.184.238.202 - - [19/Jun/2016:21:37:29 -0700] "GET /logs/access.log HTTP/1.1" 200 78177 "http://fy6thioridazine100mg.forumcircle.com" "Mozilla/5.0 (Windows NT 6.1; WOW64; rv:27.0) Gecko/20100101 Firefox/27.0" "redlug.com"
31.184.238.202 - - [19/Jun/2016:21:39:35 -0700] "GET /logs/access.log HTTP/1.1" 200 78401 "http://www.theknot.com/wedding/celexa-purchasing-17" "Mozilla/5.0 (Windows NT 6.1; WOW64) AppleWebKit/537.36 (KHTML, like Gecko) Chrome/33.0.1750.146 Safari/537.36" "redlug.com"
180.76.15.14 - - [19/Jun/2016:21:43:19 -0700] "GET /LabHist/Spanishmaterial.doc HTTP/1.1" 200 193536 "-" "Mozilla/5.0 (compatible; Baiduspider/2.0; +http://www.baidu.com/search/spider.html)" "redlug.com"
37.25.118.242 - - [19/Jun/2016:21:46:05 -0700] "GET /logs/access_130930.log HTTP/1.1" 404 73 "http://clomifen.aircus.com/" "Mozilla/5.0 (Windows NT 6.1; rv:11.0) Gecko/20100101 Firefox/11.0" "redlug.com"
37.25.118.242 - - [19/Jun/2016:21:46:05 -0700] "GET /logs/access_130930.log HTTP/1.1" 404 73 "http://clomifen.aircus.com/" "Mozilla/5.0 (Windows NT 6.1; WOW64) AppleWebKit/537.1 (KHTML, like Gecko) Chrome/21.0.1180.89 Safari/537.1" "redlug.com"
37.25.118.242 - - [19/Jun/2016:21:46:05 -0700] "GET /access_130930.log HTTP/1.1" 404 73 "http://clomifen.aircus.com/" "Mozilla/5.0 (Windows NT 6.1; WOW64) AppleWebKit/537.1 (KHTML, like Gecko) Chrome/21.0.1180.89 Safari/537.1" "redlug.com"
37.25.118.242 - - [19/Jun/2016:21:46:06 -0700] "GET /logs/access_130930.log HTTP/1.1" 404 73 "http://clomifen.aircus.com/" "Mozilla/5.0 (Windows NT 6.1) AppleWebKit/536.11 (KHTML, like Gecko) Chrome/20.0.1132.57 Safari/536.11" "redlug.com"
37.25.118.242 - - [19/Jun/2016:21:46:06 -0700] "GET /access_130930.log HTTP/1.1" 404 73 "http://clomifen.aircus.com/" "Mozilla/5.0 (Windows NT 6.1) AppleWebKit/536.11 (KHTML, like Gecko) Chrome/20.0.1132.57 Safari/536.11" "redlug.com"
37.25.118.242 - - [19/Jun/2016:21:46:06 -0700] "GET /logs/access_130930.log HTTP/1.1" 404 73 "http://clomifen.aircus.com/" "Mozilla/5.0 (Windows NT 6.1; WOW64) AppleWebKit/537.4 (KHTML, like Gecko) Chrome/22.0.1229.92 Safari/537.4" "redlug.com"
37.25.118.242 - - [19/Jun/2016:21:46:07 -0700] "GET /access_130930.log HTTP/1.1" 404 73 "http://clomifen.aircus.com/" "Mozilla/5.0 (Windows NT 6.1; WOW64) AppleWebKit/537.4 (KHTML, like Gecko) Chrome/22.0.1229.92 Safari/537.4" "redlug.com"
31.184.238.202 - - [19/Jun/2016:21:48:53 -0700] "GET /logs/access.log HTTP/1.1" 200 80523 "http://www.purevolume.com/purchasevalsartanonline" "Opera/9.80 (Windows NT 5.1) Presto/2.12.388 Version/12.16" "redlug.com"
31.184.238.202 - - [19/Jun/2016:21:50:57 -0700] "GET /logs/access.log HTTP/1.1" 200 80738 "http://yooxybutynin.over-blog.com/2014/04/order-oxybutynin-cheap-ordering-oxybutynin-no-prescriptions.html" "Mozilla/5.0 (Windows NT 6.1) AppleWebKit/537.36 (KHTML, like Gecko) Chrome/33.0.1750.146 Safari/537.36" "redlug.com"
218.71.150.54 - - [19/Jun/2016:21:53:48 -0700] "GET / HTTP/1.1" 200 1272 "-" "Mozilla/4.0 (compatible; MSIE8.0; Windows NT 6.0) .NET CLR 2.0.50727)" "redlug.com"
218.71.150.54 - - [19/Jun/2016:21:55:36 -0700] "GET / HTTP/1.1" 200 1272 "-" "Mozilla/4.0 (compatible; MSIE8.0; Windows NT 6.0) .NET CLR 2.0.50727)" "redlug.com"
77.27.21.64 - - [19/Jun/2016:21:56:23 -0700] "GET /logs/access.log HTTP/1.1" 200 81379 "-" "Mozilla/5.0 (X11; Linux x86_64; rv:2.0b8pre) Gecko/20101011 Firefox/4.0b8pre" "redlug.com"
31.184.238.202 - - [19/Jun/2016:22:00:04 -0700] "GET /logs/access.log HTTP/1.1" 200 81562 "http://pentoxifyllinex8q.forumcircle.com" "Mozilla/5.0 (Windows NT 6.1; WOW64) AppleWebKit/537.36 (KHTML, like Gecko) Chrome/32.0.1700.107 Safari/537.36" "redlug.com"
46.183.221.158 - - [19/Jun/2016:22:05:53 -0700] "GET /logs/ HTTP/1.1" 200 108797 "-" "Opera/9.80 (Windows NT 6.0; U; pl) Presto/2.7.62 Version/11.01" "redlug.com"
46.183.221.158 - - [19/Jun/2016:22:05:55 -0700] "GET /logs/access_160620.log HTTP/1.1" 200 1757897 "-" "Opera/9.80 (Windows NT 6.0; U; pl) Presto/2.7.62 Version/11.01" "redlug.com"
37.25.118.242 - - [19/Jun/2016:22:09:50 -0700] "GET /logs/access_130930.log HTTP/1.1" 404 73 "http://clomifen.aircus.com/" "Mozilla/5.0 (Windows NT 6.1; rv:14.0) Gecko/20100101 Firefox/14.0.1" "redlug.com"
37.25.118.242 - - [19/Jun/2016:22:09:51 -0700] "GET /logs/access_130930.log HTTP/1.1" 404 73 "http://clomifen.aircus.com/" "Mozilla/5.0 (Windows NT 6.1; rv:17.0) Gecko/20100101 Firefox/17.0" "redlug.com"
37.25.118.242 - - [19/Jun/2016:22:09:51 -0700] "GET /access_130930.log HTTP/1.1" 404 73 "http://clomifen.aircus.com/" "Mozilla/5.0 (Windows NT 6.1; rv:17.0) Gecko/20100101 Firefox/17.0" "redlug.com"
37.25.118.242 - - [19/Jun/2016:22:09:51 -0700] "GET /logs/access_130930.log HTTP/1.1" 404 73 "http://clomifen.aircus.com/" "Mozilla/5.0 (Windows NT 6.1; rv:14.0) Gecko/20100101 Firefox/14.0.1" "redlug.com"
37.25.118.242 - - [19/Jun/2016:22:09:52 -0700] "GET /access_130930.log HTTP/1.1" 404 73 "http://clomifen.aircus.com/" "Mozilla/5.0 (Windows NT 6.1; rv:14.0) Gecko/20100101 Firefox/14.0.1" "redlug.com"
37.25.118.242 - - [19/Jun/2016:22:09:52 -0700] "GET /logs/access_130930.log HTTP/1.1" 404 73 "http://clomifen.aircus.com/" "Opera/9.80 (Windows NT 6.1; Edition Yx) Presto/2.12.388 Version/12.11" "redlug.com"
37.25.118.242 - - [19/Jun/2016:22:09:52 -0700] "GET /access_130930.log HTTP/1.1" 404 73 "http://clomifen.aircus.com/" "Opera/9.80 (Windows NT 6.1; Edition Yx) Presto/2.12.388 Version/12.11" "redlug.com"
31.184.238.202 - - [19/Jun/2016:22:11:17 -0700] "GET /logs/access.log HTTP/1.1" 200 83591 "http://www.theknot.com/wedding/vasotec-and-delivery" "Mozilla/5.0 (Windows NT 6.1; WOW64) AppleWebKit/537.36 (KHTML, like Gecko) Chrome/32.0.1700.102 Safari/537.36" "redlug.com"
141.8.143.219 - - [19/Jun/2016:22:10:21 -0700] "GET /logs/access_150216.log HTTP/1.1" 200 2963969 "-" "Mozilla/5.0 (compatible; YandexBot/3.0; +http://yandex.com/bots)" "redlug.com"
210.212.195.230 - - [19/Jun/2016:22:12:27 -0700] "GET /pdf/che_sos.pdf HTTP/1.1" 200 207560 "https://www.google.co.in/" "Mozilla/5.0 (X11; Linux i686) AppleWebKit/537.36 (KHTML, like Gecko) Chrome/47.0.2526.106 Safari/537.36" "redlug.com"
31.184.238.202 - - [19/Jun/2016:22:13:24 -0700] "GET /logs/access.log HTTP/1.1" 200 84281 "http://orderfinasterideonlinehq.hexat.com" "Mozilla/5.0 (Windows NT 6.2; WOW64) AppleWebKit/537.36 (KHTML, like Gecko) Chrome/32.0.1700.76 Safari/537.36" "redlug.com"
65.123.142.184 - - [19/Jun/2016:22:14:54 -0700] "GET /paper2003/0306Aust.htm HTTP/1.1" 200 7197 "-" "Mozilla/5.0 (Windows NT 6.1; WOW64) AppleWebKit/537.36 (KHTML, like Gecko) Chrome/33.0.1750.149 Safari/537.36" "redlug.com"
146.185.200.67 - - [19/Jun/2016:22:16:47 -0700] "GET /logs/access_141015.log'A=0 HTTP/1.1" 404 88 "http://redlug.com/logs/access_141015.log'A=0" "Mozilla/5.0 (Windows; U; Windows NT 5.1; pt-PT; rv:1.9.1.2) Gecko/20090729 Firefox/3.5.2 (.NET CLR 3.5.30729)" "redlug.com"
151.237.181.242 - - [19/Jun/2016:22:17:38 -0700] "GET /logs/access.log HTTP/1.1" 200 30716 "http://redlug.com/" "Mozilla/5.0 (Macintosh; Intel Mac OS X 10_10_1) AppleWebKit/537.36 (KHTML, like Gecko) Chrome/39.0.2171.95 Safari/537.36" "redlug.com"
164.132.161.24 - - [19/Jun/2016:22:17:44 -0700] "GET /tu/?C=S;O=D HTTP/1.1" 200 582 "-" "Mozilla/5.0 (compatible; AhrefsBot/5.1; +http://ahrefs.com/robot/)" "redlug.com"
141.8.143.147 - - [19/Jun/2016:22:20:49 -0700] "GET /logs/access_150121.log HTTP/1.1" 200 963841 "-" "Mozilla/5.0 (compatible; YandexBot/3.0; +http://yandex.com/bots)" "redlug.com"
199.21.99.213 - - [19/Jun/2016:22:22:07 -0700] "GET /logs/access_150121.log HTTP/1.1" 200 963841 "-" "Mozilla/5.0 (compatible; YandexBot/3.0; +http://yandex.com/bots)" "redlug.com"
31.184.238.202 - - [19/Jun/2016:22:22:35 -0700] "GET /logs/access.log HTTP/1.1" 200 85814 "http://loxitanev9w.forumcircle.com" "Mozilla/5.0 (Windows NT 6.1; WOW64; rv:27.0) Gecko/20100101 Firefox/27.0" "redlug.com"
31.184.238.202 - - [19/Jun/2016:22:24:41 -0700] "GET /logs/access.log HTTP/1.1" 200 86029 "http://www.purevolume.com/trimox500mgorder98439" "Mozilla/5.0 (Windows NT 6.1; WOW64) AppleWebKit/537.36 (KHTML, like Gecko) Chrome/33.0.1750.146 Safari/537.36" "redlug.com"
5.255.250.94 - - [19/Jun/2016:22:26:43 -0700] "GET /logs/access_150324.log HTTP/1.1" 200 2701229 "-" "Mozilla/5.0 (compatible; YandexBot/3.0; +http://yandex.com/bots)" "redlug.com"
107.167.108.106 - - [19/Jun/2016:22:28:16 -0700] "GET /pdf/che_sos.pdf HTTP/1.1" 200 207560 "http://www.xukhdukh.com/p/blog-page.html?m=1" "Opera/9.80 (Android; Opera Mini/7.5.33361/37.8603; U; en) Presto/2.12.423 Version/12.16" "redlug.com"
51.255.65.57 - - [19/Jun/2016:22:29:13 -0700] "GET /paper2003/June03.htm HTTP/1.1" 200 1288 "-" "Mozilla/5.0 (compatible; AhrefsBot/5.1; +http://ahrefs.com/robot/)" "redlug.com"
167.160.122.157 - - [19/Jun/2016:22:30:11 -0700] "GET /logs/access.log HTTP/1.1" 200 30992 "http://redlug.com/" "Mozilla/5.0 (Macintosh; Intel Mac OS X 10_10_1) AppleWebKit/537.36 (KHTML, like Gecko) Chrome/39.0.2171.95 Safari/537.36" "redlug.com"
5.255.250.90 - - [19/Jun/2016:22:31:40 -0700] "GET / HTTP/1.1" 200 1272 "-" "Mozilla/5.0 (compatible; YandexBot/3.0; +http://yandex.com/bots)" "redlug.com"
68.180.229.233 - - [19/Jun/2016:22:33:14 -0700] "GET /cwi/CWISweden.htm HTTP/1.1" 404 88 "-" "Mozilla/5.0 (compatible; Yahoo! Slurp; http://help.yahoo.com/help/us/ysearch/slurp)" "redlug.com"
37.25.118.242 - - [19/Jun/2016:22:33:31 -0700] "GET /logs/access_130930.log HTTP/1.1" 404 73 "http://provigiles.onlc.be/" "Opera/9.80 (Windows NT 5.1; U; MRA 8.0 (build 5784); ru) Presto/2.10.289 Version/12.02" "redlug.com"
37.25.118.242 - - [19/Jun/2016:22:33:32 -0700] "GET /logs/access_130930.log HTTP/1.1" 404 73 "http://provigiles.onlc.be/" "Opera/9.80 (Windows NT 5.1; U; YB/3.5.1; ru) Presto/2.10.229 Version/11.64" "redlug.com"
37.25.118.242 - - [19/Jun/2016:22:33:32 -0700] "GET /access_130930.log HTTP/1.1" 404 73 "http://provigiles.onlc.be/" "Opera/9.80 (Windows NT 5.1; U; YB/3.5.1; ru) Presto/2.10.229 Version/11.64" "redlug.com"
37.25.118.242 - - [19/Jun/2016:22:33:32 -0700] "GET /logs/access_130930.log HTTP/1.1" 404 73 "http://provigiles.onlc.be/" "Opera/9.80 (Windows NT 6.1; Edition Yx) Presto/2.12.388 Version/12.11" "redlug.com"
37.25.118.242 - - [19/Jun/2016:22:33:33 -0700] "GET /access_130930.log HTTP/1.1" 404 73 "http://provigiles.onlc.be/" "Opera/9.80 (Windows NT 6.1; Edition Yx) Presto/2.12.388 Version/12.11" "redlug.com"
37.25.118.242 - - [19/Jun/2016:22:33:33 -0700] "GET /logs/access_130930.log HTTP/1.1" 404 73 "http://provigiles.onlc.be/" "Mozilla/5.0 (Windows NT 6.1) AppleWebKit/535.12 (KHTML, like Gecko) Maxthon/3.0 Chrome/18.0.966.0 Safari/535.12" "redlug.com"
37.25.118.242 - - [19/Jun/2016:22:33:34 -0700] "GET /access_130930.log HTTP/1.1" 404 73 "http://provigiles.onlc.be/" "Mozilla/5.0 (Windows NT 6.1) AppleWebKit/535.12 (KHTML, like Gecko) Maxthon/3.0 Chrome/18.0.966.0 Safari/535.12" "redlug.com"
31.184.238.202 - - [19/Jun/2016:22:33:54 -0700] "GET /logs/access.log HTTP/1.1" 200 89036 "http://buyacetazolamidenoscript.tumblr.com" "Mozilla/5.0 (Windows NT 6.3; WOW64) AppleWebKit/537.36 (KHTML, like Gecko) Chrome/32.0.1700.76 Safari/537.36" "redlug.com"
5.255.250.94 - - [19/Jun/2016:22:34:24 -0700] "GET /LabHist/1919Germany.htm HTTP/1.1" 200 8608 "-" "Mozilla/5.0 (compatible; YandexBot/3.0; +http://yandex.com/bots)" "redlug.com"
31.184.238.202 - - [19/Jun/2016:22:35:59 -0700] "GET /logs/access.log HTTP/1.1" 200 89474 "http://www.theknot.com/wedding/nimodipine-and-prescription" "Mozilla/5.0 (Windows NT 5.1) AppleWebKit/537.36 (KHTML, like Gecko) Chrome/33.0.1750.146 Safari/537.36" "redlug.com"
5.255.250.94 - - [19/Jun/2016:22:36:07 -0700] "GET /logs/access_160102.log HTTP/1.1" 200 47042 "-" "Mozilla/5.0 (compatible; YandexBot/3.0; +http://yandex.com/bots)" "redlug.com"
31.184.238.202 - - [19/Jun/2016:22:45:10 -0700] "GET /logs/access.log HTTP/1.1" 200 89922 "http://buyazelastine247.forumcircle.com" "Mozilla/5.0 (Windows NT 6.3; WOW64) AppleWebKit/537.36 (KHTML, like Gecko) Chrome/32.0.1700.76 Safari/537.36" "redlug.com"
5.255.250.90 - - [19/Jun/2016:22:45:53 -0700] "GET /Documents/Raytheon.htm HTTP/1.1" 200 1830 "-" "Mozilla/5.0 (compatible; YandexBot/3.0; +http://yandex.com/bots)" "redlug.com"
31.184.238.202 - - [19/Jun/2016:22:47:20 -0700] "GET /logs/access.log HTTP/1.1" 200 90356 "http://oxytetracycline-250mg-buy-cheap.over-blog.com/2014/04/oxytetracycline-250mg-buy-online.html" "Mozilla/5.0 (Windows NT 6.1; WOW64) AppleWebKit/537.36 (KHTML, like Gecko) Chrome/33.0.1750.146 Safari/537.36" "redlug.com"
180.76.15.140 - - [19/Jun/2016:22:47:31 -0700] "GET /logs/access_141221.log HTTP/1.1" 200 162985 "-" "Mozilla/5.0 (compatible; Baiduspider/2.0; +http://www.baidu.com/search/spider.html)" "www.redlug.com"
180.76.15.6 - - [19/Jun/2016:22:47:37 -0700] "GET /logs/access_141221.log HTTP/1.1" 200 575463 "-" "Mozilla/5.0 (compatible; Baiduspider/2.0; +http://www.baidu.com/search/spider.html)" "www.redlug.com"
37.25.118.242 - - [19/Jun/2016:22:56:10 -0700] "GET /logs/access_130930.log HTTP/1.1" 404 73 "http://domperidon.logdown.com/posts/737979-nijim" "Opera/9.80 (Windows NT 6.2; WOW64; MRA 8.0 (build 5784)) Presto/2.12.388 Version/12.10" "redlug.com"
37.25.118.242 - - [19/Jun/2016:22:56:10 -0700] "GET /logs/access_130930.log HTTP/1.1" 404 73 "http://domperidon.logdown.com/posts/737979-nijim" "Mozilla/5.0 (Windows NT 5.2; WOW64; rv:16.0) Gecko/20100101 Firefox/16.0" "redlug.com"
37.25.118.242 - - [19/Jun/2016:22:56:11 -0700] "GET /access_130930.log HTTP/1.1" 404 73 "http://domperidon.logdown.com/posts/737979-nijim" "Mozilla/5.0 (Windows NT 5.2; WOW64; rv:16.0) Gecko/20100101 Firefox/16.0" "redlug.com"
37.25.118.242 - - [19/Jun/2016:22:56:11 -0700] "GET /logs/access_130930.log HTTP/1.1" 404 73 "http://domperidon.logdown.com/posts/737979-nijim" "Opera/9.80 (Windows NT 5.1; Edition Yx) Presto/2.12.388 Version/12.10" "redlug.com"
37.25.118.242 - - [19/Jun/2016:22:56:12 -0700] "GET /access_130930.log HTTP/1.1" 404 73 "http://domperidon.logdown.com/posts/737979-nijim" "Opera/9.80 (Windows NT 5.1; Edition Yx) Presto/2.12.388 Version/12.10" "redlug.com"
40.77.167.75 - - [19/Jun/2016:22:56:12 -0700] "GET /robots.txt HTTP/1.1" 200 37 "-" "Mozilla/5.0 (compatible; bingbot/2.0; +http://www.bing.com/bingbot.htm)" "redlug.com"
37.25.118.242 - - [19/Jun/2016:22:56:12 -0700] "GET /logs/access_130930.log HTTP/1.1" 404 73 "http://domperidon.logdown.com/posts/737979-nijim" "Mozilla/5.0 (Windows NT 6.1; WOW64; rv:14.0) Gecko/20100101 Firefox/14.0.1" "redlug.com"
37.25.118.242 - - [19/Jun/2016:22:56:12 -0700] "GET /access_130930.log HTTP/1.1" 404 73 "http://domperidon.logdown.com/posts/737979-nijim" "Mozilla/5.0 (Windows NT 6.1; WOW64; rv:14.0) Gecko/20100101 Firefox/14.0.1" "redlug.com"
51.255.65.10 - - [19/Jun/2016:22:56:26 -0700] "GET /Women/ HTTP/1.1" 200 563 "-" "Mozilla/5.0 (compatible; AhrefsBot/5.1; +http://ahrefs.com/robot/)" "redlug.com"
31.184.238.202 - - [19/Jun/2016:22:56:31 -0700] "GET /logs/access.log HTTP/1.1" 200 93033 "http://www.theknot.com/wedding/duloxetine-and-delivery" "Mozilla/5.0 (Windows NT 5.1; rv:26.0) Gecko/20100101 Firefox/26.0" "redlug.com"
79.97.194.177 - - [19/Jun/2016:22:56:54 -0700] "GET /temp/bins031010B.htm HTTP/1.1" 200 3874 "http://www.google.ie/url?sa=t&source=web&cd=4&rct=j&q=fingal%20council%20action%20rubish&ved=0ahUKEwjooNTm9bXNAhUmDsAKHeXdAwYQFgglMAM&url=http%3A%2F%2Fredlug.com%2Ftemp%2Fbins031010B.htm&usg=AFQjCNEoJYTAQYq8HbMIGOY37ELjyV5_Vg&sig2=-worH2LVTrw0Mj-LrLj78w" "Mozilla/5.0 (Linux; U; Android 4.0.3; en-ie; GT-P5100 Build/IML74K) AppleWebKit/534.30 (KHTML, like Gecko) Version/4.0 Safari/534.30" "redlug.com"
77.27.21.64 - - [19/Jun/2016:22:58:11 -0700] "GET /logs/access.log HTTP/1.1" 200 93758 "-" "Mozilla/5.0 (X11; Linux x86_64; rv:2.0b8pre) Gecko/20101011 Firefox/4.0b8pre" "redlug.com"
31.184.238.202 - - [19/Jun/2016:22:58:40 -0700] "GET /logs/access.log HTTP/1.1" 200 93941 "http://synthroid25mgar.forumcircle.com" "Opera/9.80 (Windows NT 6.1) Presto/2.12.388 Version/12.16" "redlug.com"
188.70.40.55 - - [19/Jun/2016:23:00:32 -0700] "GET /pdf/che_sos.pdf HTTP/1.1" 200 207560 "-" "Dalvik/2.1.0 (Linux; U; Android 5.1.1; Lenovo X3a40 Build/LMY47V)" "redlug.com"
27.106.65.139 - - [19/Jun/2016:23:04:59 -0700] "GET /pdf/che_sos.pdf HTTP/1.1" 206 9216 "http://redlug.com/pdf/che_sos.pdf" "Mozilla/5.0 (Windows NT 6.1) AppleWebKit/537.36 (KHTML, like Gecko) Chrome/51.0.2704.103 Safari/537.36" "redlug.com"
27.106.65.139 - - [19/Jun/2016:23:04:59 -0700] "GET /pdf/che_sos.pdf HTTP/1.1" 206 1024 "http://redlug.com/pdf/che_sos.pdf" "Mozilla/5.0 (Windows NT 6.1) AppleWebKit/537.36 (KHTML, like Gecko) Chrome/51.0.2704.103 Safari/537.36" "redlug.com"
31.184.238.202 - - [19/Jun/2016:23:07:57 -0700] "GET /logs/access.log HTTP/1.1" 200 94803 "http://www.theknot.com/wedding/flutamide-and-delivery" "Mozilla/5.0 (Windows NT 6.1; WOW64) AppleWebKit/537.36 (KHTML, like Gecko) Chrome/33.0.1750.117 Safari/537.36" "redlug.com"
31.184.238.202 - - [19/Jun/2016:23:10:10 -0700] "GET /logs/access.log HTTP/1.1" 200 95074 "http://gravatar.com/clapoutfrasammamig" "Mozilla/5.0 (Windows NT 5.1) AppleWebKit/537.36 (KHTML, like Gecko) Chrome/32.0.1700.107 Safari/537.36" "redlug.com"
4.79.123.1 - - [19/Jun/2016:23:15:49 -0700] "GET /pdf/IWD1990.docx?srgpu HTTP/1.1" 404 73 "-" "Mozilla/5.0 (compatible; MSIE 9.0; Windows NT 6.1; WOW64; Trident/5.0)" "redlug.com"
31.184.238.202 - - [19/Jun/2016:23:19:31 -0700] "GET /logs/access.log HTTP/1.1" 200 95503 "http://x3eminocycline.page.tl" "Mozilla/5.0 (Windows NT 6.1) AppleWebKit/537.36 (KHTML, like Gecko) Chrome/33.0.1750.146 Safari/537.36" "redlug.com"
180.76.15.32 - - [19/Jun/2016:23:21:00 -0700] "GET /logs/access_150217.log HTTP/1.1" 200 728650 "-" "Mozilla/5.0 (compatible; Baiduspider/2.0; +http://www.baidu.com/search/spider.html)" "www.redlug.com"
180.76.15.160 - - [19/Jun/2016:23:21:15 -0700] "GET /logs/access_150217.log HTTP/1.1" 200 4357284 "-" "Mozilla/5.0 (compatible; Baiduspider/2.0; +http://www.baidu.com/search/spider.html)" "www.redlug.com"
31.184.238.202 - - [19/Jun/2016:23:21:42 -0700] "GET /logs/access.log HTTP/1.1" 200 96151 "http://www.theknot.com/wedding/prescription-and-zovirax" "Mozilla/5.0 (Windows NT 6.0) AppleWebKit/537.36 (KHTML, like Gecko) Chrome/33.0.1750.146 Safari/537.36" "redlug.com"
5.255.250.90 - - [19/Jun/2016:23:24:09 -0700] "GET /logs/access_150901.log HTTP/1.1" 200 71604 "-" "Mozilla/5.0 (compatible; YandexBot/3.0; +http://yandex.com/bots)" "redlug.com"
195.182.157.214 - - [19/Jun/2016:23:24:10 -0700] "GET /F?v=hf32TuOfdhmYtK2I9kKsm02yplREyZqgwYiq+7eySr9O9+tQp4H8VUTa+RSJVH3Y4cEIUgwKtPdOZvi4u9/yzFl+lO30l0LI06Msdzkclj7D/j+PgtPFbBf75S23tGsbUdnAzwiRScYtoMlxwqh56qCLMauN0cJH9TZTQemHzlzNpVC8VMnYne22p1UIQmRMtU9bEGLTJjdZU8Qoqs+k/ARZyKRA7wiAKM0l+kG6avr3JbSBuvtUsvXvGCGwb0K5gN7C2r179dhvTbSSDOSrbfMvbTpHdunonb2fVkRivt+ig9BnplXGgfxenPsJsxMn05zM2UXEJH8CqIFwDnN7zZmC5/gVDG7tivlZEVf2lQ+JqYiiPa7RL19eACYkQBnjnMtJXWCA5WQ7nLJ6Pwa/Lhyx36X9azVVCQQ5fzHYlDaPnraSfqkwM3cxTzF4Dgak28dKm4CqQf5lQREDm9A47/o1ZovnIjTANGOacT0/mK3h99p0oEmVQG5vMi1wXy2TmsmEJlZVoeRtQWrpOOGSX2e6lBsXKA5IEICtGQjOcJDXHY3YCRJ9Kwgai3n3MKu8e+2Nr5zlv7qKUSyMBxIpw2EPmtcj8Jb/SQZZUD1EWl+YLEm1uCmdSqRHh6KmOGne/OzFdCld5UPsfsW6g/UpFogwGslK2zsn/bmW0bWOchA91V12gaAr8I8UJY1+MQ6Ayse5p85ZDT5gqvx8x0/TDGLH6Eg4KRyDtHIANRp82zobAY/E+ToCjxZn8jSZrkGAQ17g+zsh7sMsIuCc0GRdPtv3n9hpFD55s4LMiPF4Zec8TbJ147iD3olz6oCIkrv7/9 HTTP/1.1" 404 73 "-" "Mozilla/4.0 (compatible; MSIE 8.0; Win32)" "redlug.com"
195.182.157.214 - - [19/Jun/2016:23:24:13 -0700] "GET /X?L=h4vXlZsq5zGDtuKt2hB9C2HsbE//ybEO1IyozSN2U4mBLV0zbvme2faKozjjznEg5WyISoC2+qja6Sp74ke6UlmAboGW4BfvR4DOnx4+BNwbvP2f4Ds+FB8I9Ic/i66I+MU9a0xnlISnfzZhFhef2lvd0mywGpJ6ovMKO3g1UbMIezTw/CIT/LP1RQP5LDWb+t/TLXQat+VfvT4LAdrOThjI29rhx0DISmptHnn6xkD+5J4jOz4YCnx+XNHmM+dYGpZhUsnws/uCg9p0iv2O6aPKTUFeU0IUqKv2RmhpWyTlgfNnWtkculHzcmhqvxpdzTDP5EA1edYEE+wiWwtGJWjuAyHlhrchGeU6RaknDzDeNOxCioFGSWPzT/vq9yQ4Qi2TDxppNWhRWvK4uPk6afW1NKRvxOv3etb/oc+dt7HzuWKYRGt/XyqGLxs16MwB+Gi22m5YN0FyLRnE4URdLMfktQjCXRYizdBe4m8bdokS/dLpojyANwsM8UI8ZBVrXFwe6LHB1hwE98JkZ6b0U595EMgAEvb1yRtu30FoU0yJB751dxpfwSNn1pLzMyDk1kV6nm/yc/AuPnqryUPZPnpPRGnqCnmdOyBvRm4PZFNEgSz/z9dm+8mKBqS+eMffLpP3i3u9c9pkY1lc2AHIQ7Pscz5vAkXK+yE4LPMtnzaqPFETdFSIhq8DqbSsr0X8MEp6pAAUIMSxlAZw0561ABQtRBQU4dR0F0mh+yh1NsqPK8as6U/uwIQtXMaWFTjxClQr/EuL4ouit3vhbnvigiGY3WtCjevUiSIK4gZbddfAHwBEIPhgnvhaX11f6k6K HTTP/1.1" 404 73 "-" "Mozilla/4.0 (compatible; MSIE 8.0; Win32)" "redlug.com"
